Archive member included to satisfy reference by file (symbol)

/home/michael/projects/freedom-e-toolchain/riscv64-unknown-elf-gcc-8.2.0-2019.02.0-x86_64-linux-ubuntu14/bin/../lib/gcc/riscv64-unknown-elf/8.2.0/../../../../riscv64-unknown-elf/lib/rv32imac/ilp32/libc_nano.a(lib_a-printf.o)
                              /tmp/ccPlTu8w.o (printf)
/home/michael/projects/freedom-e-toolchain/riscv64-unknown-elf-gcc-8.2.0-2019.02.0-x86_64-linux-ubuntu14/bin/../lib/gcc/riscv64-unknown-elf/8.2.0/../../../../riscv64-unknown-elf/lib/rv32imac/ilp32/libc_nano.a(lib_a-puts.o)
                              /tmp/ccPlTu8w.o (puts)
/home/michael/projects/freedom-e-toolchain/riscv64-unknown-elf-gcc-8.2.0-2019.02.0-x86_64-linux-ubuntu14/bin/../lib/gcc/riscv64-unknown-elf/8.2.0/../../../../riscv64-unknown-elf/lib/rv32imac/ilp32/libc_nano.a(lib_a-wbuf.o)
                              /home/michael/projects/freedom-e-toolchain/riscv64-unknown-elf-gcc-8.2.0-2019.02.0-x86_64-linux-ubuntu14/bin/../lib/gcc/riscv64-unknown-elf/8.2.0/../../../../riscv64-unknown-elf/lib/rv32imac/ilp32/libc_nano.a(lib_a-puts.o) (__swbuf_r)
/home/michael/projects/freedom-e-toolchain/riscv64-unknown-elf-gcc-8.2.0-2019.02.0-x86_64-linux-ubuntu14/bin/../lib/gcc/riscv64-unknown-elf/8.2.0/../../../../riscv64-unknown-elf/lib/rv32imac/ilp32/libc_nano.a(lib_a-wsetup.o)
                              /home/michael/projects/freedom-e-toolchain/riscv64-unknown-elf-gcc-8.2.0-2019.02.0-x86_64-linux-ubuntu14/bin/../lib/gcc/riscv64-unknown-elf/8.2.0/../../../../riscv64-unknown-elf/lib/rv32imac/ilp32/libc_nano.a(lib_a-puts.o) (__swsetup_r)
/home/michael/projects/freedom-e-toolchain/riscv64-unknown-elf-gcc-8.2.0-2019.02.0-x86_64-linux-ubuntu14/bin/../lib/gcc/riscv64-unknown-elf/8.2.0/../../../../riscv64-unknown-elf/lib/rv32imac/ilp32/libc_nano.a(lib_a-fflush.o)
                              /home/michael/projects/freedom-e-toolchain/riscv64-unknown-elf-gcc-8.2.0-2019.02.0-x86_64-linux-ubuntu14/bin/../lib/gcc/riscv64-unknown-elf/8.2.0/../../../../riscv64-unknown-elf/lib/rv32imac/ilp32/libc_nano.a(lib_a-wbuf.o) (_fflush_r)
/home/michael/projects/freedom-e-toolchain/riscv64-unknown-elf-gcc-8.2.0-2019.02.0-x86_64-linux-ubuntu14/bin/../lib/gcc/riscv64-unknown-elf/8.2.0/../../../../riscv64-unknown-elf/lib/rv32imac/ilp32/libc_nano.a(lib_a-findfp.o)
                              /home/michael/projects/freedom-e-toolchain/riscv64-unknown-elf-gcc-8.2.0-2019.02.0-x86_64-linux-ubuntu14/bin/../lib/gcc/riscv64-unknown-elf/8.2.0/../../../../riscv64-unknown-elf/lib/rv32imac/ilp32/libc_nano.a(lib_a-printf.o) (__sinit)
/home/michael/projects/freedom-e-toolchain/riscv64-unknown-elf-gcc-8.2.0-2019.02.0-x86_64-linux-ubuntu14/bin/../lib/gcc/riscv64-unknown-elf/8.2.0/../../../../riscv64-unknown-elf/lib/rv32imac/ilp32/libc_nano.a(lib_a-fwalk.o)
                              /home/michael/projects/freedom-e-toolchain/riscv64-unknown-elf-gcc-8.2.0-2019.02.0-x86_64-linux-ubuntu14/bin/../lib/gcc/riscv64-unknown-elf/8.2.0/../../../../riscv64-unknown-elf/lib/rv32imac/ilp32/libc_nano.a(lib_a-findfp.o) (_fwalk)
/home/michael/projects/freedom-e-toolchain/riscv64-unknown-elf-gcc-8.2.0-2019.02.0-x86_64-linux-ubuntu14/bin/../lib/gcc/riscv64-unknown-elf/8.2.0/../../../../riscv64-unknown-elf/lib/rv32imac/ilp32/libc_nano.a(lib_a-impure.o)
                              /home/michael/projects/freedom-e-toolchain/riscv64-unknown-elf-gcc-8.2.0-2019.02.0-x86_64-linux-ubuntu14/bin/../lib/gcc/riscv64-unknown-elf/8.2.0/../../../../riscv64-unknown-elf/lib/rv32imac/ilp32/libc_nano.a(lib_a-fflush.o) (_global_impure_ptr)
/home/michael/projects/freedom-e-toolchain/riscv64-unknown-elf-gcc-8.2.0-2019.02.0-x86_64-linux-ubuntu14/bin/../lib/gcc/riscv64-unknown-elf/8.2.0/../../../../riscv64-unknown-elf/lib/rv32imac/ilp32/libc_nano.a(lib_a-makebuf.o)
                              /home/michael/projects/freedom-e-toolchain/riscv64-unknown-elf-gcc-8.2.0-2019.02.0-x86_64-linux-ubuntu14/bin/../lib/gcc/riscv64-unknown-elf/8.2.0/../../../../riscv64-unknown-elf/lib/rv32imac/ilp32/libc_nano.a(lib_a-wsetup.o) (__smakebuf_r)
/home/michael/projects/freedom-e-toolchain/riscv64-unknown-elf-gcc-8.2.0-2019.02.0-x86_64-linux-ubuntu14/bin/../lib/gcc/riscv64-unknown-elf/8.2.0/../../../../riscv64-unknown-elf/lib/rv32imac/ilp32/libc_nano.a(lib_a-memset.o)
                              /home/michael/projects/freedom-e-toolchain/riscv64-unknown-elf-gcc-8.2.0-2019.02.0-x86_64-linux-ubuntu14/bin/../lib/gcc/riscv64-unknown-elf/8.2.0/../../../../riscv64-unknown-elf/lib/rv32imac/ilp32/libc_nano.a(lib_a-findfp.o) (memset)
/home/michael/projects/freedom-e-toolchain/riscv64-unknown-elf-gcc-8.2.0-2019.02.0-x86_64-linux-ubuntu14/bin/../lib/gcc/riscv64-unknown-elf/8.2.0/../../../../riscv64-unknown-elf/lib/rv32imac/ilp32/libc_nano.a(lib_a-nano-freer.o)
[...]
Memory Configuration

Name             Origin             Length             Attributes
flash            0x0000000020000000 0x000000000007a120 axrl !w
itim             0x0000000008000000 0x0000000000002000 xw !arl
ram              0x0000000080000000 0x0000000000004000 axw !rl
*default*        0x0000000000000000 0xffffffffffffffff

Linker script and memory map

LOAD /tmp/ccPlTu8w.o
START GROUP
LOAD /home/michael/projects/freedom-e-toolchain/riscv64-unknown-elf-gcc-8.2.0-2019.02.0-x86_64-linux-ubuntu14/bin/../lib/gcc/riscv64-unknown-elf/8.2.0/../../../../riscv64-unknown-elf/lib/rv32imac/ilp32/libc_nano.a
LOAD /home/michael/projects/freedom-e-toolchain/riscv64-unknown-elf-gcc-8.2.0-2019.02.0-x86_64-linux-ubuntu14/bin/../lib/gcc/riscv64-unknown-elf/8.2.0/rv32imac/ilp32/libgcc.a
LOAD /home/michael/projects/freedom-e-toolchain/riscv64-unknown-elf-gcc-8.2.0-2019.02.0-x86_64-linux-ubuntu14/bin/../lib/gcc/riscv64-unknown-elf/8.2.0/../../../../riscv64-unknown-elf/lib/rv32imac/ilp32/libm.a
LOAD /home/michael/projects/freedom-e-sdk/bsp/lofive-r1-bootloader/install/lib/debug//libmetal.a
LOAD /home/michael/projects/freedom-e-sdk/bsp/lofive-r1-bootloader/install/lib/debug//libmetal-gloss.a
END GROUP
                0x0000000000000400                __stack_size = DEFINED (__stack_size)?__stack_size:0x400
                [!provide]                        PROVIDE (__stack_size = __stack_size)
                0x0000000000000800                __heap_size = DEFINED (__heap_size)?__heap_size:0x800
                0x0000000000000000                PROVIDE (__metal_boot_hart = 0x0)
                0x0000000000000000                PROVIDE (__metal_chicken_bit = 0x0)

.init           0x0000000020000000      0x1cc
 *(.text.metal.init.enter)
 .text.metal.init.enter
                0x0000000020000000       0x60 /home/michael/projects/freedom-e-sdk/bsp/lofive-r1-bootloader/install/lib/debug//libmetal.a(libriscv__mmachine__lofive-r1-bootloader_a-entry.o)
                0x0000000020000000                _enter
 *(.text.metal.init.*)
 .text.metal.init.__register_frame_info
                0x0000000020000060        0x2 /home/michael/projects/freedom-e-sdk/bsp/lofive-r1-bootloader/install/lib/debug//libmetal.a(libriscv__mmachine__lofive-r1-bootloader_a-entry.o)
                0x0000000020000060                __register_frame_info
 *fill*         0x0000000020000062        0x2 
 .text.metal.init.trapvec
                0x0000000020000064        0xe /home/michael/projects/freedom-e-sdk/bsp/lofive-r1-bootloader/install/lib/debug//libmetal.a(libriscv__mmachine__lofive-r1-bootloader_a-trap.o)
                0x0000000020000064                early_trap_vector
 *(SORT_NONE(.init))
 .init          0x0000000020000072        0xe /home/michael/projects/freedom-e-sdk/bsp/lofive-r1-bootloader/install/lib/debug//libmetal.a(libriscv__mmachine__lofive-r1-bootloader_a-synchronize_harts.o)
                0x0000000020000072                __metal_synchronize_harts
 *(.text.libgloss.start)
 .text.libgloss.start
                0x0000000020000080      0x14c /home/michael/projects/freedom-e-sdk/bsp/lofive-r1-bootloader/install/lib/debug//libmetal-gloss.a(crt0.o)
                0x0000000020000080                _start
                0x00000000200001ac                _init
                0x00000000200001ac                _fini
                0x00000000200001ae                secondary_main

.fini
 *(SORT_NONE(.fini))

.text           0x0000000020000200     0x5e44
 *(.text.unlikely .text.unlikely.*)
 *(.text.startup .text.startup.*)
 .text.startup.register_fini
                0x0000000020000200       0x18 /home/michael/projects/freedom-e-toolchain/riscv64-unknown-elf-gcc-8.2.0-2019.02.0-x86_64-linux-ubuntu14/bin/../lib/gcc/riscv64-unknown-elf/8.2.0/../../../../riscv64-unknown-elf/lib/rv32imac/ilp32/libc_nano.a(lib_a-__call_atexit.o)
 *(.text .text.*)
 .text.main     0x0000000020000218       0x40 /tmp/ccPlTu8w.o
                0x0000000020000218                main
 .text.printf   0x0000000020000258       0x44 /home/michael/projects/freedom-e-toolchain/riscv64-unknown-elf-gcc-8.2.0-2019.02.0-x86_64-linux-ubuntu14/bin/../lib/gcc/riscv64-unknown-elf/8.2.0/../../../../riscv64-unknown-elf/lib/rv32imac/ilp32/libc_nano.a(lib_a-printf.o)
                0x0000000020000258                printf
                0x0000000020000258                iprintf
 .text._puts_r  0x000000002000029c       0xda /home/michael/projects/freedom-e-toolchain/riscv64-unknown-elf-gcc-8.2.0-2019.02.0-x86_64-linux-ubuntu14/bin/../lib/gcc/riscv64-unknown-elf/8.2.0/../../../../riscv64-unknown-elf/lib/rv32imac/ilp32/libc_nano.a(lib_a-puts.o)
                0x000000002000029c                _puts_r
 .text.puts     0x0000000020000376        0xe /home/michael/projects/freedom-e-toolchain/riscv64-unknown-elf-gcc-8.2.0-2019.02.0-x86_64-linux-ubuntu14/bin/../lib/gcc/riscv64-unknown-elf/8.2.0/../../../../riscv64-unknown-elf/lib/rv32imac/ilp32/libc_nano.a(lib_a-puts.o)
                0x0000000020000376                puts
 .text.__swbuf_r
                0x0000000020000384       0xc0 /home/michael/projects/freedom-e-toolchain/riscv64-unknown-elf-gcc-8.2.0-2019.02.0-x86_64-linux-ubuntu14/bin/../lib/gcc/riscv64-unknown-elf/8.2.0/../../../../riscv64-unknown-elf/lib/rv32imac/ilp32/libc_nano.a(lib_a-wbuf.o)
                0x0000000020000384                __swbuf_r
 .text.__swsetup_r
                0x0000000020000444      0x110 /home/michael/projects/freedom-e-toolchain/riscv64-unknown-elf-gcc-8.2.0-2019.02.0-x86_64-linux-ubuntu14/bin/../lib/gcc/riscv64-unknown-elf/8.2.0/../../../../riscv64-unknown-elf/lib/rv32imac/ilp32/libc_nano.a(lib_a-wsetup.o)
                0x0000000020000444                __swsetup_r
 .text.__sflush_r
                0x0000000020000554      0x13c /home/michael/projects/freedom-e-toolchain/riscv64-unknown-elf-gcc-8.2.0-2019.02.0-x86_64-linux-ubuntu14/bin/../lib/gcc/riscv64-unknown-elf/8.2.0/../../../../riscv64-unknown-elf/lib/rv32imac/ilp32/libc_nano.a(lib_a-fflush.o)
                0x0000000020000554                __sflush_r
 .text._fflush_r
                0x0000000020000690       0x64 /home/michael/projects/freedom-e-toolchain/riscv64-unknown-elf-gcc-8.2.0-2019.02.0-x86_64-linux-ubuntu14/bin/../lib/gcc/riscv64-unknown-elf/8.2.0/../../../../riscv64-unknown-elf/lib/rv32imac/ilp32/libc_nano.a(lib_a-fflush.o)
                0x0000000020000690                _fflush_r
 .text.std      0x00000000200006f4       0x68 /home/michael/projects/freedom-e-toolchain/riscv64-unknown-elf-gcc-8.2.0-2019.02.0-x86_64-linux-ubuntu14/bin/../lib/gcc/riscv64-unknown-elf/8.2.0/../../../../riscv64-unknown-elf/lib/rv32imac/ilp32/libc_nano.a(lib_a-findfp.o)
 .text._cleanup_r
                0x000000002000075c        0xa /home/michael/projects/freedom-e-toolchain/riscv64-unknown-elf-gcc-8.2.0-2019.02.0-x86_64-linux-ubuntu14/bin/../lib/gcc/riscv64-unknown-elf/8.2.0/../../../../riscv64-unknown-elf/lib/rv32imac/ilp32/libc_nano.a(lib_a-findfp.o)
                0x000000002000075c                _cleanup_r
 .text.__sfmoreglue
                0x0000000020000766       0x44 /home/michael/projects/freedom-e-toolchain/riscv64-unknown-elf-gcc-8.2.0-2019.02.0-x86_64-linux-ubuntu14/bin/../lib/gcc/riscv64-unknown-elf/8.2.0/../../../../riscv64-unknown-elf/lib/rv32imac/ilp32/libc_nano.a(lib_a-findfp.o)
                0x0000000020000766                __sfmoreglue
 .text.__sinit  0x00000000200007aa       0x6a /home/michael/projects/freedom-e-toolchain/riscv64-unknown-elf-gcc-8.2.0-2019.02.0-x86_64-linux-ubuntu14/bin/../lib/gcc/riscv64-unknown-elf/8.2.0/../../../../riscv64-unknown-elf/lib/rv32imac/ilp32/libc_nano.a(lib_a-findfp.o)
                0x00000000200007aa                __sinit
 .text.__sfp    0x0000000020000814       0x9e /home/michael/projects/freedom-e-toolchain/riscv64-unknown-elf-gcc-8.2.0-2019.02.0-x86_64-linux-ubuntu14/bin/../lib/gcc/riscv64-unknown-elf/8.2.0/../../../../riscv64-unknown-elf/lib/rv32imac/ilp32/libc_nano.a(lib_a-findfp.o)
                0x0000000020000814                __sfp
 .text._fwalk_reent
                0x00000000200008b2       0x6c /home/michael/projects/freedom-e-toolchain/riscv64-unknown-elf-gcc-8.2.0-2019.02.0-x86_64-linux-ubuntu14/bin/../lib/gcc/riscv64-unknown-elf/8.2.0/../../../../riscv64-unknown-elf/lib/rv32imac/ilp32/libc_nano.a(lib_a-fwalk.o)
                0x00000000200008b2                _fwalk_reent
 .text.__swhatbuf_r
                0x000000002000091e       0x58 /home/michael/projects/freedom-e-toolchain/riscv64-unknown-elf-gcc-8.2.0-2019.02.0-x86_64-linux-ubuntu14/bin/../lib/gcc/riscv64-unknown-elf/8.2.0/../../../../riscv64-unknown-elf/lib/rv32imac/ilp32/libc_nano.a(lib_a-makebuf.o)
                0x000000002000091e                __swhatbuf_r
 .text.__smakebuf_r
                0x0000000020000976       0x9c /home/michael/projects/freedom-e-toolchain/riscv64-unknown-elf-gcc-8.2.0-2019.02.0-x86_64-linux-ubuntu14/bin/../lib/gcc/riscv64-unknown-elf/8.2.0/../../../../riscv64-unknown-elf/lib/rv32imac/ilp32/libc_nano.a(lib_a-makebuf.o)
                0x0000000020000976                __smakebuf_r
 .text          0x0000000020000a12       0xa8 /home/michael/projects/freedom-e-toolchain/riscv64-unknown-elf-gcc-8.2.0-2019.02.0-x86_64-linux-ubuntu14/bin/../lib/gcc/riscv64-unknown-elf/8.2.0/../../../../riscv64-unknown-elf/lib/rv32imac/ilp32/libc_nano.a(lib_a-memset.o)
                0x0000000020000a12                memset
 .text._free_r  0x0000000020000aba       0xac /home/michael/projects/freedom-e-toolchain/riscv64-unknown-elf-gcc-8.2.0-2019.02.0-x86_64-linux-ubuntu14/bin/../lib/gcc/riscv64-unknown-elf/8.2.0/../../../../riscv64-unknown-elf/lib/rv32imac/ilp32/libc_nano.a(lib_a-nano-freer.o)
                0x0000000020000aba                _free_r
 .text._malloc_r
                0x0000000020000b66       0xde /home/michael/projects/freedom-e-toolchain/riscv64-unknown-elf-gcc-8.2.0-2019.02.0-x86_64-linux-ubuntu14/bin/../lib/gcc/riscv64-unknown-elf/8.2.0/../../../../riscv64-unknown-elf/lib/rv32imac/ilp32/libc_nano.a(lib_a-nano-mallocr.o)
                0x0000000020000b66                _malloc_r
 .text.__sfputc_r
                0x0000000020000c44       0x2a /home/michael/projects/freedom-e-toolchain/riscv64-unknown-elf-gcc-8.2.0-2019.02.0-x86_64-linux-ubuntu14/bin/../lib/gcc/riscv64-unknown-elf/8.2.0/../../../../riscv64-unknown-elf/lib/rv32imac/ilp32/libc_nano.a(lib_a-nano-vfprintf.o)
 .text.__sfputs_r
                0x0000000020000c6e       0x42 /home/michael/projects/freedom-e-toolchain/riscv64-unknown-elf-gcc-8.2.0-2019.02.0-x86_64-linux-ubuntu14/bin/../lib/gcc/riscv64-unknown-elf/8.2.0/../../../../riscv64-unknown-elf/lib/rv32imac/ilp32/libc_nano.a(lib_a-nano-vfprintf.o)
                0x0000000020000c6e                __sfputs_r
 .text._vfprintf_r
                0x0000000020000cb0      0x298 /home/michael/projects/freedom-e-toolchain/riscv64-unknown-elf-gcc-8.2.0-2019.02.0-x86_64-linux-ubuntu14/bin/../lib/gcc/riscv64-unknown-elf/8.2.0/../../../../riscv64-unknown-elf/lib/rv32imac/ilp32/libc_nano.a(lib_a-nano-vfprintf.o)
                0x0000000020000cb0                _vfiprintf_r
                0x0000000020000cb0                _vfprintf_r
 .text._sbrk_r  0x0000000020000f48       0x28 /home/michael/projects/freedom-e-toolchain/riscv64-unknown-elf-gcc-8.2.0-2019.02.0-x86_64-linux-ubuntu14/bin/../lib/gcc/riscv64-unknown-elf/8.2.0/../../../../riscv64-unknown-elf/lib/rv32imac/ilp32/libc_nano.a(lib_a-sbrkr.o)
                0x0000000020000f48                _sbrk_r
 .text.__sread  0x0000000020000f70       0x30 /home/michael/projects/freedom-e-toolchain/riscv64-unknown-elf-gcc-8.2.0-2019.02.0-x86_64-linux-ubuntu14/bin/../lib/gcc/riscv64-unknown-elf/8.2.0/../../../../riscv64-unknown-elf/lib/rv32imac/ilp32/libc_nano.a(lib_a-stdio.o)
                0x0000000020000f70                __sread
 .text.__swrite
                0x0000000020000fa0       0x4e /home/michael/projects/freedom-e-toolchain/riscv64-unknown-elf-gcc-8.2.0-2019.02.0-x86_64-linux-ubuntu14/bin/../lib/gcc/riscv64-unknown-elf/8.2.0/../../../../riscv64-unknown-elf/lib/rv32imac/ilp32/libc_nano.a(lib_a-stdio.o)
                0x0000000020000fa0                __swrite
 .text.__sseek  0x0000000020000fee       0x36 /home/michael/projects/freedom-e-toolchain/riscv64-unknown-elf-gcc-8.2.0-2019.02.0-x86_64-linux-ubuntu14/bin/../lib/gcc/riscv64-unknown-elf/8.2.0/../../../../riscv64-unknown-elf/lib/rv32imac/ilp32/libc_nano.a(lib_a-stdio.o)
                0x0000000020000fee                __sseek
 .text.__sclose
                0x0000000020001024        0x6 /home/michael/projects/freedom-e-toolchain/riscv64-unknown-elf-gcc-8.2.0-2019.02.0-x86_64-linux-ubuntu14/bin/../lib/gcc/riscv64-unknown-elf/8.2.0/../../../../riscv64-unknown-elf/lib/rv32imac/ilp32/libc_nano.a(lib_a-stdio.o)
                0x0000000020001024                __sclose
 .text._write_r
                0x000000002000102a       0x2c /home/michael/projects/freedom-e-toolchain/riscv64-unknown-elf-gcc-8.2.0-2019.02.0-x86_64-linux-ubuntu14/bin/../lib/gcc/riscv64-unknown-elf/8.2.0/../../../../riscv64-unknown-elf/lib/rv32imac/ilp32/libc_nano.a(lib_a-writer.o)
                0x000000002000102a                _write_r
 .text._close_r
                0x0000000020001056       0x28 /home/michael/projects/freedom-e-toolchain/riscv64-unknown-elf-gcc-8.2.0-2019.02.0-x86_64-linux-ubuntu14/bin/../lib/gcc/riscv64-unknown-elf/8.2.0/../../../../riscv64-unknown-elf/lib/rv32imac/ilp32/libc_nano.a(lib_a-closer.o)
                0x0000000020001056                _close_r
 .text._fstat_r
                0x000000002000107e       0x2a /home/michael/projects/freedom-e-toolchain/riscv64-unknown-elf-gcc-8.2.0-2019.02.0-x86_64-linux-ubuntu14/bin/../lib/gcc/riscv64-unknown-elf/8.2.0/../../../../riscv64-unknown-elf/lib/rv32imac/ilp32/libc_nano.a(lib_a-fstatr.o)
                0x000000002000107e                _fstat_r
 .text._isatty_r
                0x00000000200010a8       0x28 /home/michael/projects/freedom-e-toolchain/riscv64-unknown-elf-gcc-8.2.0-2019.02.0-x86_64-linux-ubuntu14/bin/../lib/gcc/riscv64-unknown-elf/8.2.0/../../../../riscv64-unknown-elf/lib/rv32imac/ilp32/libc_nano.a(lib_a-isattyr.o)
                0x00000000200010a8                _isatty_r
 .text._lseek_r
                0x00000000200010d0       0x2c /home/michael/projects/freedom-e-toolchain/riscv64-unknown-elf-gcc-8.2.0-2019.02.0-x86_64-linux-ubuntu14/bin/../lib/gcc/riscv64-unknown-elf/8.2.0/../../../../riscv64-unknown-elf/lib/rv32imac/ilp32/libc_nano.a(lib_a-lseekr.o)
                0x00000000200010d0                _lseek_r
 .text.memchr   0x00000000200010fc       0x1a /home/michael/projects/freedom-e-toolchain/riscv64-unknown-elf-gcc-8.2.0-2019.02.0-x86_64-linux-ubuntu14/bin/../lib/gcc/riscv64-unknown-elf/8.2.0/../../../../riscv64-unknown-elf/lib/rv32imac/ilp32/libc_nano.a(lib_a-memchr.o)
                0x00000000200010fc                memchr
 .text.__malloc_lock
                0x0000000020001116        0x2 /home/michael/projects/freedom-e-toolchain/riscv64-unknown-elf-gcc-8.2.0-2019.02.0-x86_64-linux-ubuntu14/bin/../lib/gcc/riscv64-unknown-elf/8.2.0/../../../../riscv64-unknown-elf/lib/rv32imac/ilp32/libc_nano.a(lib_a-mlock.o)
                0x0000000020001116                __malloc_lock
 .text.__malloc_unlock
                0x0000000020001118        0x2 /home/michael/projects/freedom-e-toolchain/riscv64-unknown-elf-gcc-8.2.0-2019.02.0-x86_64-linux-ubuntu14/bin/../lib/gcc/riscv64-unknown-elf/8.2.0/../../../../riscv64-unknown-elf/lib/rv32imac/ilp32/libc_nano.a(lib_a-mlock.o)
                0x0000000020001118                __malloc_unlock
 .text._printf_common
                0x000000002000111a      0x10c /home/michael/projects/freedom-e-toolchain/riscv64-unknown-elf-gcc-8.2.0-2019.02.0-x86_64-linux-ubuntu14/bin/../lib/gcc/riscv64-unknown-elf/8.2.0/../../../../riscv64-unknown-elf/lib/rv32imac/ilp32/libc_nano.a(lib_a-nano-vfprintf_i.o)
                0x000000002000111a                _printf_common
 .text._printf_i
                0x0000000020001226      0x2a2 /home/michael/projects/freedom-e-toolchain/riscv64-unknown-elf-gcc-8.2.0-2019.02.0-x86_64-linux-ubuntu14/bin/../lib/gcc/riscv64-unknown-elf/8.2.0/../../../../riscv64-unknown-elf/lib/rv32imac/ilp32/libc_nano.a(lib_a-nano-vfprintf_i.o)
                0x0000000020001226                _printf_i
 .text._read_r  0x00000000200014c8       0x2c /home/michael/projects/freedom-e-toolchain/riscv64-unknown-elf-gcc-8.2.0-2019.02.0-x86_64-linux-ubuntu14/bin/../lib/gcc/riscv64-unknown-elf/8.2.0/../../../../riscv64-unknown-elf/lib/rv32imac/ilp32/libc_nano.a(lib_a-readr.o)
                0x00000000200014c8                _read_r
 .text._close   0x00000000200014f4       0x22 /home/michael/projects/freedom-e-sdk/bsp/lofive-r1-bootloader/install/lib/debug//libmetal-gloss.a(sys_close.o)
                0x00000000200014f4                _close
 .text._fstat   0x0000000020001516       0x26 /home/michael/projects/freedom-e-sdk/bsp/lofive-r1-bootloader/install/lib/debug//libmetal-gloss.a(sys_fstat.o)
                0x0000000020001516                _fstat
 .text._isatty  0x000000002000153c       0x20 /home/michael/projects/freedom-e-sdk/bsp/lofive-r1-bootloader/install/lib/debug//libmetal-gloss.a(sys_isatty.o)
                0x000000002000153c                _isatty
 .text._lseek   0x000000002000155c       0x2a /home/michael/projects/freedom-e-sdk/bsp/lofive-r1-bootloader/install/lib/debug//libmetal-gloss.a(sys_lseek.o)
                0x000000002000155c                _lseek
 .text._read    0x0000000020001586       0x2a /home/michael/projects/freedom-e-sdk/bsp/lofive-r1-bootloader/install/lib/debug//libmetal-gloss.a(sys_read.o)
                0x0000000020001586                _read
 .text._sbrk    0x00000000200015b0       0x6e /home/michael/projects/freedom-e-sdk/bsp/lofive-r1-bootloader/install/lib/debug//libmetal-gloss.a(sys_sbrk.o)
                0x00000000200015b0                _sbrk
 .text._write   0x000000002000161e       0x6e /home/michael/projects/freedom-e-sdk/bsp/lofive-r1-bootloader/install/lib/debug//libmetal-gloss.a(sys_write.o)
                0x000000002000161e                _write
 .text.atexit   0x000000002000168c        0xa /home/michael/projects/freedom-e-toolchain/riscv64-unknown-elf-gcc-8.2.0-2019.02.0-x86_64-linux-ubuntu14/bin/../lib/gcc/riscv64-unknown-elf/8.2.0/../../../../riscv64-unknown-elf/lib/rv32imac/ilp32/libc_nano.a(lib_a-atexit.o)
                0x000000002000168c                atexit
 .text.__errno  0x0000000020001696        0xc /home/michael/projects/freedom-e-toolchain/riscv64-unknown-elf-gcc-8.2.0-2019.02.0-x86_64-linux-ubuntu14/bin/../lib/gcc/riscv64-unknown-elf/8.2.0/../../../../riscv64-unknown-elf/lib/rv32imac/ilp32/libc_nano.a(lib_a-errno.o)
                0x0000000020001696                __errno
 .text.exit     0x00000000200016a2       0x2c /home/michael/projects/freedom-e-toolchain/riscv64-unknown-elf-gcc-8.2.0-2019.02.0-x86_64-linux-ubuntu14/bin/../lib/gcc/riscv64-unknown-elf/8.2.0/../../../../riscv64-unknown-elf/lib/rv32imac/ilp32/libc_nano.a(lib_a-exit.o)
                0x00000000200016a2                exit
 .text.__libc_fini_array
                0x00000000200016ce       0x3a /home/michael/projects/freedom-e-toolchain/riscv64-unknown-elf-gcc-8.2.0-2019.02.0-x86_64-linux-ubuntu14/bin/../lib/gcc/riscv64-unknown-elf/8.2.0/../../../../riscv64-unknown-elf/lib/rv32imac/ilp32/libc_nano.a(lib_a-fini.o)
                0x00000000200016ce                __libc_fini_array
 .text.__libc_init_array
                0x0000000020001708       0x6e /home/michael/projects/freedom-e-toolchain/riscv64-unknown-elf-gcc-8.2.0-2019.02.0-x86_64-linux-ubuntu14/bin/../lib/gcc/riscv64-unknown-elf/8.2.0/../../../../riscv64-unknown-elf/lib/rv32imac/ilp32/libc_nano.a(lib_a-init.o)
                0x0000000020001708                __libc_init_array
 .text.__register_exitproc
                0x0000000020001776       0x88 /home/michael/projects/freedom-e-toolchain/riscv64-unknown-elf-gcc-8.2.0-2019.02.0-x86_64-linux-ubuntu14/bin/../lib/gcc/riscv64-unknown-elf/8.2.0/../../../../riscv64-unknown-elf/lib/rv32imac/ilp32/libc_nano.a(lib_a-__atexit.o)
                0x0000000020001776                __register_exitproc
 .text.__call_exitprocs
                0x00000000200017fe       0xc8 /home/michael/projects/freedom-e-toolchain/riscv64-unknown-elf-gcc-8.2.0-2019.02.0-x86_64-linux-ubuntu14/bin/../lib/gcc/riscv64-unknown-elf/8.2.0/../../../../riscv64-unknown-elf/lib/rv32imac/ilp32/libc_nano.a(lib_a-__call_atexit.o)
                0x00000000200017fe                __call_exitprocs
 .text.metal_init
                0x00000000200018c6       0x78 /home/michael/projects/freedom-e-sdk/bsp/lofive-r1-bootloader/install/lib/debug//libmetal.a(libriscv__mmachine__lofive-r1-bootloader_a-init.o)
                0x00000000200018c6                metal_init
 .text.metal_fini
                0x000000002000193e       0x78 /home/michael/projects/freedom-e-sdk/bsp/lofive-r1-bootloader/install/lib/debug//libmetal.a(libriscv__mmachine__lofive-r1-bootloader_a-init.o)
                0x000000002000193e                metal_fini
 .text.metal_init_run
                0x00000000200019b6       0x14 /home/michael/projects/freedom-e-sdk/bsp/lofive-r1-bootloader/install/lib/debug//libmetal.a(libriscv__mmachine__lofive-r1-bootloader_a-init.o)
                0x00000000200019b6                metal_init_run
 .text.metal_fini_run
                0x00000000200019ca       0x14 /home/michael/projects/freedom-e-sdk/bsp/lofive-r1-bootloader/install/lib/debug//libmetal.a(libriscv__mmachine__lofive-r1-bootloader_a-init.o)
                0x00000000200019ca                metal_fini_run
 .text.metal_tty_putc
                0x00000000200019de       0x2c /home/michael/projects/freedom-e-sdk/bsp/lofive-r1-bootloader/install/lib/debug//libmetal.a(libriscv__mmachine__lofive-r1-bootloader_a-tty.o)
                0x00000000200019de                metal_tty_putc
 .text.metal_tty_putc_raw
                0x0000000020001a0a       0x26 /home/michael/projects/freedom-e-sdk/bsp/lofive-r1-bootloader/install/lib/debug//libmetal.a(libriscv__mmachine__lofive-r1-bootloader_a-tty.o)
                0x0000000020001a0a                metal_tty_putc_raw
 .text.metal_uart_init
                0x0000000020001a30       0x2c /home/michael/projects/freedom-e-sdk/bsp/lofive-r1-bootloader/install/lib/debug//libmetal.a(libriscv__mmachine__lofive-r1-bootloader_a-uart.o)
                0x0000000020001a30                metal_uart_init
 .text.metal_uart_putc
                0x0000000020001a5c       0x2e /home/michael/projects/freedom-e-sdk/bsp/lofive-r1-bootloader/install/lib/debug//libmetal.a(libriscv__mmachine__lofive-r1-bootloader_a-uart.o)
                0x0000000020001a5c                metal_uart_putc
 .text.metal_uart_set_baud_rate
                0x0000000020001a8a       0x2e /home/michael/projects/freedom-e-sdk/bsp/lofive-r1-bootloader/install/lib/debug//libmetal.a(libriscv__mmachine__lofive-r1-bootloader_a-uart.o)
                0x0000000020001a8a                metal_uart_set_baud_rate
 .text.__metal_driver_sifive_clint0_control_base
                0x0000000020001ab8       0x26 /home/michael/projects/freedom-e-sdk/bsp/lofive-r1-bootloader/install/lib/debug//libmetal.a(libriscv__mmachine__lofive-r1-bootloader_a-riscv_clint0.o)
 .text.__metal_driver_sifive_clint0_num_interrupts
                0x0000000020001ade       0x24 /home/michael/projects/freedom-e-sdk/bsp/lofive-r1-bootloader/install/lib/debug//libmetal.a(libriscv__mmachine__lofive-r1-bootloader_a-riscv_clint0.o)
 .text.__metal_driver_sifive_clint0_interrupt_parents
                0x0000000020001b02       0x3c /home/michael/projects/freedom-e-sdk/bsp/lofive-r1-bootloader/install/lib/debug//libmetal.a(libriscv__mmachine__lofive-r1-bootloader_a-riscv_clint0.o)
 .text.__metal_driver_sifive_clint0_interrupt_lines
                0x0000000020001b3e       0x30 /home/michael/projects/freedom-e-sdk/bsp/lofive-r1-bootloader/install/lib/debug//libmetal.a(libriscv__mmachine__lofive-r1-bootloader_a-riscv_clint0.o)
 .text.__metal_clint0_mtime_get
                0x0000000020001b6e       0x9a /home/michael/projects/freedom-e-sdk/bsp/lofive-r1-bootloader/install/lib/debug//libmetal.a(libriscv__mmachine__lofive-r1-bootloader_a-riscv_clint0.o)
                0x0000000020001b6e                __metal_clint0_mtime_get
 .text.__metal_driver_riscv_clint0_mtimecmp_set
                0x0000000020001c08       0x96 /home/michael/projects/freedom-e-sdk/bsp/lofive-r1-bootloader/install/lib/debug//libmetal.a(libriscv__mmachine__lofive-r1-bootloader_a-riscv_clint0.o)
                0x0000000020001c08                __metal_driver_riscv_clint0_mtimecmp_set
 .text._get_cpu_intc
                0x0000000020001c9e       0x36 /home/michael/projects/freedom-e-sdk/bsp/lofive-r1-bootloader/install/lib/debug//libmetal.a(libriscv__mmachine__lofive-r1-bootloader_a-riscv_clint0.o)
 .text.__metal_driver_riscv_clint0_init
                0x0000000020001cd4       0x88 /home/michael/projects/freedom-e-sdk/bsp/lofive-r1-bootloader/install/lib/debug//libmetal.a(libriscv__mmachine__lofive-r1-bootloader_a-riscv_clint0.o)
                0x0000000020001cd4                __metal_driver_riscv_clint0_init
 .text.__metal_driver_riscv_clint0_register
                0x0000000020001d5c       0xda /home/michael/projects/freedom-e-sdk/bsp/lofive-r1-bootloader/install/lib/debug//libmetal.a(libriscv__mmachine__lofive-r1-bootloader_a-riscv_clint0.o)
                0x0000000020001d5c                __metal_driver_riscv_clint0_register
 .text.__metal_driver_riscv_clint0_vector_register
                0x0000000020001e36       0x28 /home/michael/projects/freedom-e-sdk/bsp/lofive-r1-bootloader/install/lib/debug//libmetal.a(libriscv__mmachine__lofive-r1-bootloader_a-riscv_clint0.o)
                0x0000000020001e36                __metal_driver_riscv_clint0_vector_register
 .text.__metal_driver_riscv_clint0_get_vector_mode
                0x0000000020001e5e       0x1c /home/michael/projects/freedom-e-sdk/bsp/lofive-r1-bootloader/install/lib/debug//libmetal.a(libriscv__mmachine__lofive-r1-bootloader_a-riscv_clint0.o)
                0x0000000020001e5e                __metal_driver_riscv_clint0_get_vector_mode
 .text.__metal_driver_riscv_clint0_set_vector_mode
                0x0000000020001e7a       0x5e /home/michael/projects/freedom-e-sdk/bsp/lofive-r1-bootloader/install/lib/debug//libmetal.a(libriscv__mmachine__lofive-r1-bootloader_a-riscv_clint0.o)
                0x0000000020001e7a                __metal_driver_riscv_clint0_set_vector_mode
 .text.__metal_driver_riscv_clint0_enable
                0x0000000020001ed8       0xb2 /home/michael/projects/freedom-e-sdk/bsp/lofive-r1-bootloader/install/lib/debug//libmetal.a(libriscv__mmachine__lofive-r1-bootloader_a-riscv_clint0.o)
                0x0000000020001ed8                __metal_driver_riscv_clint0_enable
 .text.__metal_driver_riscv_clint0_disable
                0x0000000020001f8a       0xb2 /home/michael/projects/freedom-e-sdk/bsp/lofive-r1-bootloader/install/lib/debug//libmetal.a(libriscv__mmachine__lofive-r1-bootloader_a-riscv_clint0.o)
                0x0000000020001f8a                __metal_driver_riscv_clint0_disable
 .text.__metal_driver_riscv_clint0_command_request
                0x000000002000203c      0x134 /home/michael/projects/freedom-e-sdk/bsp/lofive-r1-bootloader/install/lib/debug//libmetal.a(libriscv__mmachine__lofive-r1-bootloader_a-riscv_clint0.o)
                0x000000002000203c                __metal_driver_riscv_clint0_command_request
 .text.__metal_driver_riscv_clint0_clear_interrupt
                0x0000000020002170       0x34 /home/michael/projects/freedom-e-sdk/bsp/lofive-r1-bootloader/install/lib/debug//libmetal.a(libriscv__mmachine__lofive-r1-bootloader_a-riscv_clint0.o)
                0x0000000020002170                __metal_driver_riscv_clint0_clear_interrupt
 .text.__metal_driver_riscv_clint0_set_interrupt
                0x00000000200021a4       0x34 /home/michael/projects/freedom-e-sdk/bsp/lofive-r1-bootloader/install/lib/debug//libmetal.a(libriscv__mmachine__lofive-r1-bootloader_a-riscv_clint0.o)
                0x00000000200021a4                __metal_driver_riscv_clint0_set_interrupt
 .text.__metal_driver_cpu_hartid
                0x00000000200021d8       0x24 /home/michael/projects/freedom-e-sdk/bsp/lofive-r1-bootloader/install/lib/debug//libmetal.a(libriscv__mmachine__lofive-r1-bootloader_a-riscv_cpu.o)
 .text.__metal_driver_cpu_timebase
                0x00000000200021fc       0x2a /home/michael/projects/freedom-e-sdk/bsp/lofive-r1-bootloader/install/lib/debug//libmetal.a(libriscv__mmachine__lofive-r1-bootloader_a-riscv_cpu.o)
 .text.__metal_driver_cpu_interrupt_controller
                0x0000000020002226       0x2a /home/michael/projects/freedom-e-sdk/bsp/lofive-r1-bootloader/install/lib/debug//libmetal.a(libriscv__mmachine__lofive-r1-bootloader_a-riscv_cpu.o)
 .text.__metal_driver_cpu_get
                0x0000000020002250       0x2c /home/michael/projects/freedom-e-sdk/bsp/lofive-r1-bootloader/install/lib/debug//libmetal.a(libriscv__mmachine__lofive-r1-bootloader_a-riscv_cpu.o)
                0x0000000020002250                __metal_driver_cpu_get
 .text.__metal_myhart_id
                0x000000002000227c       0x1a /home/michael/projects/freedom-e-sdk/bsp/lofive-r1-bootloader/install/lib/debug//libmetal.a(libriscv__mmachine__lofive-r1-bootloader_a-riscv_cpu.o)
                0x000000002000227c                __metal_myhart_id
 .text.__metal_interrupt_global_enable
                0x0000000020002296       0x18 /home/michael/projects/freedom-e-sdk/bsp/lofive-r1-bootloader/install/lib/debug//libmetal.a(libriscv__mmachine__lofive-r1-bootloader_a-riscv_cpu.o)
                0x0000000020002296                __metal_interrupt_global_enable
 .text.__metal_interrupt_global_disable
                0x00000000200022ae       0x18 /home/michael/projects/freedom-e-sdk/bsp/lofive-r1-bootloader/install/lib/debug//libmetal.a(libriscv__mmachine__lofive-r1-bootloader_a-riscv_cpu.o)
                0x00000000200022ae                __metal_interrupt_global_disable
 .text.__metal_interrupt_software_enable
                0x00000000200022c6       0x18 /home/michael/projects/freedom-e-sdk/bsp/lofive-r1-bootloader/install/lib/debug//libmetal.a(libriscv__mmachine__lofive-r1-bootloader_a-riscv_cpu.o)
                0x00000000200022c6                __metal_interrupt_software_enable
 .text.__metal_interrupt_software_disable
                0x00000000200022de       0x18 /home/michael/projects/freedom-e-sdk/bsp/lofive-r1-bootloader/install/lib/debug//libmetal.a(libriscv__mmachine__lofive-r1-bootloader_a-riscv_cpu.o)
                0x00000000200022de                __metal_interrupt_software_disable
 .text.__metal_interrupt_timer_enable
                0x00000000200022f6       0x1a /home/michael/projects/freedom-e-sdk/bsp/lofive-r1-bootloader/install/lib/debug//libmetal.a(libriscv__mmachine__lofive-r1-bootloader_a-riscv_cpu.o)
                0x00000000200022f6                __metal_interrupt_timer_enable
 .text.__metal_interrupt_timer_disable
                0x0000000020002310       0x1a /home/michael/projects/freedom-e-sdk/bsp/lofive-r1-bootloader/install/lib/debug//libmetal.a(libriscv__mmachine__lofive-r1-bootloader_a-riscv_cpu.o)
                0x0000000020002310                __metal_interrupt_timer_disable
 .text.__metal_interrupt_external_enable
                0x000000002000232a       0x1c /home/michael/projects/freedom-e-sdk/bsp/lofive-r1-bootloader/install/lib/debug//libmetal.a(libriscv__mmachine__lofive-r1-bootloader_a-riscv_cpu.o)
                0x000000002000232a                __metal_interrupt_external_enable
 .text.__metal_interrupt_external_disable
                0x0000000020002346       0x1c /home/michael/projects/freedom-e-sdk/bsp/lofive-r1-bootloader/install/lib/debug//libmetal.a(libriscv__mmachine__lofive-r1-bootloader_a-riscv_cpu.o)
                0x0000000020002346                __metal_interrupt_external_disable
 .text.__metal_interrupt_local_enable
                0x0000000020002362       0x2c /home/michael/projects/freedom-e-sdk/bsp/lofive-r1-bootloader/install/lib/debug//libmetal.a(libriscv__mmachine__lofive-r1-bootloader_a-riscv_cpu.o)
                0x0000000020002362                __metal_interrupt_local_enable
 .text.__metal_interrupt_local_disable
                0x000000002000238e       0x2c /home/michael/projects/freedom-e-sdk/bsp/lofive-r1-bootloader/install/lib/debug//libmetal.a(libriscv__mmachine__lofive-r1-bootloader_a-riscv_cpu.o)
                0x000000002000238e                __metal_interrupt_local_disable
 .text.__metal_default_exception_handler
                0x00000000200023ba       0x18 /home/michael/projects/freedom-e-sdk/bsp/lofive-r1-bootloader/install/lib/debug//libmetal.a(libriscv__mmachine__lofive-r1-bootloader_a-riscv_cpu.o)
                0x00000000200023ba                __metal_default_exception_handler
 .text.__metal_default_interrupt_handler
                0x00000000200023d2       0x18 /home/michael/projects/freedom-e-sdk/bsp/lofive-r1-bootloader/install/lib/debug//libmetal.a(libriscv__mmachine__lofive-r1-bootloader_a-riscv_cpu.o)
                0x00000000200023d2                __metal_default_interrupt_handler
 .text.metal_interrupt_vector_handler
                0x00000000200023ea       0x2e /home/michael/projects/freedom-e-sdk/bsp/lofive-r1-bootloader/install/lib/debug//libmetal.a(libriscv__mmachine__lofive-r1-bootloader_a-riscv_cpu.o)
                0x00000000200023ea                metal_interrupt_vector_handler
 .text.metal_software_interrupt_vector_handler
                0x0000000020002418       0x8e /home/michael/projects/freedom-e-sdk/bsp/lofive-r1-bootloader/install/lib/debug//libmetal.a(libriscv__mmachine__lofive-r1-bootloader_a-riscv_cpu.o)
                0x0000000020002418                metal_software_interrupt_vector_handler
 .text.__metal_default_sw_handler
                0x00000000200024a6       0x64 /home/michael/projects/freedom-e-sdk/bsp/lofive-r1-bootloader/install/lib/debug//libmetal.a(libriscv__mmachine__lofive-r1-bootloader_a-riscv_cpu.o)
                0x00000000200024a6                __metal_default_sw_handler
 .text.metal_timer_interrupt_vector_handler
                0x000000002000250a       0x8e /home/michael/projects/freedom-e-sdk/bsp/lofive-r1-bootloader/install/lib/debug//libmetal.a(libriscv__mmachine__lofive-r1-bootloader_a-riscv_cpu.o)
                0x000000002000250a                metal_timer_interrupt_vector_handler
 .text.__metal_default_timer_handler
                0x0000000020002598       0x66 /home/michael/projects/freedom-e-sdk/bsp/lofive-r1-bootloader/install/lib/debug//libmetal.a(libriscv__mmachine__lofive-r1-bootloader_a-riscv_cpu.o)
                0x0000000020002598                __metal_default_timer_handler
 *fill*         0x00000000200025fe        0x2 
 .text.__metal_exception_handler
                0x0000000020002600      0x172 /home/michael/projects/freedom-e-sdk/bsp/lofive-r1-bootloader/install/lib/debug//libmetal.a(libriscv__mmachine__lofive-r1-bootloader_a-riscv_cpu.o)
                0x0000000020002600                __metal_exception_handler
 .text.metal_lc0_interrupt_vector_handler
                0x0000000020002772       0x92 /home/michael/projects/freedom-e-sdk/bsp/lofive-r1-bootloader/install/lib/debug//libmetal.a(libriscv__mmachine__lofive-r1-bootloader_a-riscv_cpu.o)
                0x0000000020002772                metal_lc0_interrupt_vector_handler
 .text.metal_lc1_interrupt_vector_handler
                0x0000000020002804       0x92 /home/michael/projects/freedom-e-sdk/bsp/lofive-r1-bootloader/install/lib/debug//libmetal.a(libriscv__mmachine__lofive-r1-bootloader_a-riscv_cpu.o)
                0x0000000020002804                metal_lc1_interrupt_vector_handler
 .text.metal_lc2_interrupt_vector_handler
                0x0000000020002896       0x92 /home/michael/projects/freedom-e-sdk/bsp/lofive-r1-bootloader/install/lib/debug//libmetal.a(libriscv__mmachine__lofive-r1-bootloader_a-riscv_cpu.o)
                0x0000000020002896                metal_lc2_interrupt_vector_handler
 .text.metal_lc3_interrupt_vector_handler
                0x0000000020002928       0x92 /home/michael/projects/freedom-e-sdk/bsp/lofive-r1-bootloader/install/lib/debug//libmetal.a(libriscv__mmachine__lofive-r1-bootloader_a-riscv_cpu.o)
                0x0000000020002928                metal_lc3_interrupt_vector_handler
 .text.metal_lc4_interrupt_vector_handler
                0x00000000200029ba       0x92 /home/michael/projects/freedom-e-sdk/bsp/lofive-r1-bootloader/install/lib/debug//libmetal.a(libriscv__mmachine__lofive-r1-bootloader_a-riscv_cpu.o)
                0x00000000200029ba                metal_lc4_interrupt_vector_handler
 .text.metal_lc5_interrupt_vector_handler
                0x0000000020002a4c       0x92 /home/michael/projects/freedom-e-sdk/bsp/lofive-r1-bootloader/install/lib/debug//libmetal.a(libriscv__mmachine__lofive-r1-bootloader_a-riscv_cpu.o)
                0x0000000020002a4c                metal_lc5_interrupt_vector_handler
 .text.metal_lc6_interrupt_vector_handler
                0x0000000020002ade       0x92 /home/michael/projects/freedom-e-sdk/bsp/lofive-r1-bootloader/install/lib/debug//libmetal.a(libriscv__mmachine__lofive-r1-bootloader_a-riscv_cpu.o)
                0x0000000020002ade                metal_lc6_interrupt_vector_handler
 .text.metal_lc7_interrupt_vector_handler
                0x0000000020002b70       0x92 /home/michael/projects/freedom-e-sdk/bsp/lofive-r1-bootloader/install/lib/debug//libmetal.a(libriscv__mmachine__lofive-r1-bootloader_a-riscv_cpu.o)
                0x0000000020002b70                metal_lc7_interrupt_vector_handler
 .text.metal_lc8_interrupt_vector_handler
                0x0000000020002c02       0x92 /home/michael/projects/freedom-e-sdk/bsp/lofive-r1-bootloader/install/lib/debug//libmetal.a(libriscv__mmachine__lofive-r1-bootloader_a-riscv_cpu.o)
                0x0000000020002c02                metal_lc8_interrupt_vector_handler
 .text.metal_lc9_interrupt_vector_handler
                0x0000000020002c94       0x92 /home/michael/projects/freedom-e-sdk/bsp/lofive-r1-bootloader/install/lib/debug//libmetal.a(libriscv__mmachine__lofive-r1-bootloader_a-riscv_cpu.o)
                0x0000000020002c94                metal_lc9_interrupt_vector_handler
 .text.metal_lc10_interrupt_vector_handler
                0x0000000020002d26       0x92 /home/michael/projects/freedom-e-sdk/bsp/lofive-r1-bootloader/install/lib/debug//libmetal.a(libriscv__mmachine__lofive-r1-bootloader_a-riscv_cpu.o)
                0x0000000020002d26                metal_lc10_interrupt_vector_handler
 .text.metal_lc11_interrupt_vector_handler
                0x0000000020002db8       0x92 /home/michael/projects/freedom-e-sdk/bsp/lofive-r1-bootloader/install/lib/debug//libmetal.a(libriscv__mmachine__lofive-r1-bootloader_a-riscv_cpu.o)
                0x0000000020002db8                metal_lc11_interrupt_vector_handler
 .text.metal_lc12_interrupt_vector_handler
                0x0000000020002e4a       0x92 /home/michael/projects/freedom-e-sdk/bsp/lofive-r1-bootloader/install/lib/debug//libmetal.a(libriscv__mmachine__lofive-r1-bootloader_a-riscv_cpu.o)
                0x0000000020002e4a                metal_lc12_interrupt_vector_handler
 .text.metal_lc13_interrupt_vector_handler
                0x0000000020002edc       0x92 /home/michael/projects/freedom-e-sdk/bsp/lofive-r1-bootloader/install/lib/debug//libmetal.a(libriscv__mmachine__lofive-r1-bootloader_a-riscv_cpu.o)
                0x0000000020002edc                metal_lc13_interrupt_vector_handler
 .text.metal_lc14_interrupt_vector_handler
                0x0000000020002f6e       0x92 /home/michael/projects/freedom-e-sdk/bsp/lofive-r1-bootloader/install/lib/debug//libmetal.a(libriscv__mmachine__lofive-r1-bootloader_a-riscv_cpu.o)
                0x0000000020002f6e                metal_lc14_interrupt_vector_handler
 .text.metal_lc15_interrupt_vector_handler
                0x0000000020003000       0x92 /home/michael/projects/freedom-e-sdk/bsp/lofive-r1-bootloader/install/lib/debug//libmetal.a(libriscv__mmachine__lofive-r1-bootloader_a-riscv_cpu.o)
                0x0000000020003000                metal_lc15_interrupt_vector_handler
 .text.__metal_controller_interrupt_vector_mode
                0x0000000020003092       0x50 /home/michael/projects/freedom-e-sdk/bsp/lofive-r1-bootloader/install/lib/debug//libmetal.a(libriscv__mmachine__lofive-r1-bootloader_a-riscv_cpu.o)
                0x0000000020003092                __metal_controller_interrupt_vector_mode
 .text.__metal_controller_interrupt_vector
                0x00000000200030e2       0x98 /home/michael/projects/freedom-e-sdk/bsp/lofive-r1-bootloader/install/lib/debug//libmetal.a(libriscv__mmachine__lofive-r1-bootloader_a-riscv_cpu.o)
                0x00000000200030e2                __metal_controller_interrupt_vector
 .text.__metal_valid_interrupt_id
                0x000000002000317a       0x38 /home/michael/projects/freedom-e-sdk/bsp/lofive-r1-bootloader/install/lib/debug//libmetal.a(libriscv__mmachine__lofive-r1-bootloader_a-riscv_cpu.o)
                0x000000002000317a                __metal_valid_interrupt_id
 .text.__metal_local_interrupt_enable
                0x00000000200031b2       0xbc /home/michael/projects/freedom-e-sdk/bsp/lofive-r1-bootloader/install/lib/debug//libmetal.a(libriscv__mmachine__lofive-r1-bootloader_a-riscv_cpu.o)
                0x00000000200031b2                __metal_local_interrupt_enable
 .text.__metal_exception_register
                0x000000002000326e       0x4e /home/michael/projects/freedom-e-sdk/bsp/lofive-r1-bootloader/install/lib/debug//libmetal.a(libriscv__mmachine__lofive-r1-bootloader_a-riscv_cpu.o)
                0x000000002000326e                __metal_exception_register
 .text.__metal_driver_riscv_cpu_controller_interrupt_init
                0x00000000200032bc       0xe2 /home/michael/projects/freedom-e-sdk/bsp/lofive-r1-bootloader/install/lib/debug//libmetal.a(libriscv__mmachine__lofive-r1-bootloader_a-riscv_cpu.o)
                0x00000000200032bc                __metal_driver_riscv_cpu_controller_interrupt_init
 .text.__metal_driver_riscv_cpu_controller_interrupt_register
                0x000000002000339e      0x14e /home/michael/projects/freedom-e-sdk/bsp/lofive-r1-bootloader/install/lib/debug//libmetal.a(libriscv__mmachine__lofive-r1-bootloader_a-riscv_cpu.o)
                0x000000002000339e                __metal_driver_riscv_cpu_controller_interrupt_register
 .text.__metal_driver_riscv_cpu_controller_interrupt_enable
                0x00000000200034ec       0x2a /home/michael/projects/freedom-e-sdk/bsp/lofive-r1-bootloader/install/lib/debug//libmetal.a(libriscv__mmachine__lofive-r1-bootloader_a-riscv_cpu.o)
                0x00000000200034ec                __metal_driver_riscv_cpu_controller_interrupt_enable
 .text.__metal_driver_riscv_cpu_controller_interrupt_disable
                0x0000000020003516       0x2a /home/michael/projects/freedom-e-sdk/bsp/lofive-r1-bootloader/install/lib/debug//libmetal.a(libriscv__mmachine__lofive-r1-bootloader_a-riscv_cpu.o)
                0x0000000020003516                __metal_driver_riscv_cpu_controller_interrupt_disable
 .text.__metal_driver_riscv_cpu_controller_get_vector_mode
                0x0000000020003540       0x1c /home/michael/projects/freedom-e-sdk/bsp/lofive-r1-bootloader/install/lib/debug//libmetal.a(libriscv__mmachine__lofive-r1-bootloader_a-riscv_cpu.o)
                0x0000000020003540                __metal_driver_riscv_cpu_controller_get_vector_mode
 .text.__metal_driver_riscv_cpu_controller_set_vector_mode
                0x000000002000355c       0x54 /home/michael/projects/freedom-e-sdk/bsp/lofive-r1-bootloader/install/lib/debug//libmetal.a(libriscv__mmachine__lofive-r1-bootloader_a-riscv_cpu.o)
                0x000000002000355c                __metal_driver_riscv_cpu_controller_set_vector_mode
 .text.__metal_driver_riscv_cpu_controller_command_request
                0x00000000200035b0       0x1c /home/michael/projects/freedom-e-sdk/bsp/lofive-r1-bootloader/install/lib/debug//libmetal.a(libriscv__mmachine__lofive-r1-bootloader_a-riscv_cpu.o)
                0x00000000200035b0                __metal_driver_riscv_cpu_controller_command_request
 .text.__metal_driver_cpu_mcycle_get
                0x00000000200035cc       0x72 /home/michael/projects/freedom-e-sdk/bsp/lofive-r1-bootloader/install/lib/debug//libmetal.a(libriscv__mmachine__lofive-r1-bootloader_a-riscv_cpu.o)
                0x00000000200035cc                __metal_driver_cpu_mcycle_get
 .text.__metal_driver_cpu_timebase_get
                0x000000002000363e       0x46 /home/michael/projects/freedom-e-sdk/bsp/lofive-r1-bootloader/install/lib/debug//libmetal.a(libriscv__mmachine__lofive-r1-bootloader_a-riscv_cpu.o)
                0x000000002000363e                __metal_driver_cpu_timebase_get
 .text.__metal_driver_cpu_mtime_get
                0x0000000020003684       0x66 /home/michael/projects/freedom-e-sdk/bsp/lofive-r1-bootloader/install/lib/debug//libmetal.a(libriscv__mmachine__lofive-r1-bootloader_a-riscv_cpu.o)
                0x0000000020003684                __metal_driver_cpu_mtime_get
 .text.__metal_driver_cpu_mtimecmp_set
                0x00000000200036ea       0x76 /home/michael/projects/freedom-e-sdk/bsp/lofive-r1-bootloader/install/lib/debug//libmetal.a(libriscv__mmachine__lofive-r1-bootloader_a-riscv_cpu.o)
                0x00000000200036ea                __metal_driver_cpu_mtimecmp_set
 .text.__metal_driver_cpu_timer_controller_interrupt
                0x0000000020003760       0x16 /home/michael/projects/freedom-e-sdk/bsp/lofive-r1-bootloader/install/lib/debug//libmetal.a(libriscv__mmachine__lofive-r1-bootloader_a-riscv_cpu.o)
                0x0000000020003760                __metal_driver_cpu_timer_controller_interrupt
 .text.__metal_driver_cpu_get_timer_interrupt_id
                0x0000000020003776       0x14 /home/michael/projects/freedom-e-sdk/bsp/lofive-r1-bootloader/install/lib/debug//libmetal.a(libriscv__mmachine__lofive-r1-bootloader_a-riscv_cpu.o)
                0x0000000020003776                __metal_driver_cpu_get_timer_interrupt_id
 .text.__metal_driver_cpu_sw_controller_interrupt
                0x000000002000378a       0x16 /home/michael/projects/freedom-e-sdk/bsp/lofive-r1-bootloader/install/lib/debug//libmetal.a(libriscv__mmachine__lofive-r1-bootloader_a-riscv_cpu.o)
                0x000000002000378a                __metal_driver_cpu_sw_controller_interrupt
 .text.__metal_driver_cpu_get_sw_interrupt_id
                0x00000000200037a0       0x14 /home/michael/projects/freedom-e-sdk/bsp/lofive-r1-bootloader/install/lib/debug//libmetal.a(libriscv__mmachine__lofive-r1-bootloader_a-riscv_cpu.o)
                0x00000000200037a0                __metal_driver_cpu_get_sw_interrupt_id
 .text.__metal_driver_cpu_set_sw_ipi
                0x00000000200037b4       0x62 /home/michael/projects/freedom-e-sdk/bsp/lofive-r1-bootloader/install/lib/debug//libmetal.a(libriscv__mmachine__lofive-r1-bootloader_a-riscv_cpu.o)
                0x00000000200037b4                __metal_driver_cpu_set_sw_ipi
 .text.__metal_driver_cpu_clear_sw_ipi
                0x0000000020003816       0x62 /home/michael/projects/freedom-e-sdk/bsp/lofive-r1-bootloader/install/lib/debug//libmetal.a(libriscv__mmachine__lofive-r1-bootloader_a-riscv_cpu.o)
                0x0000000020003816                __metal_driver_cpu_clear_sw_ipi
 .text.__metal_driver_cpu_get_msip
                0x0000000020003878       0x60 /home/michael/projects/freedom-e-sdk/bsp/lofive-r1-bootloader/install/lib/debug//libmetal.a(libriscv__mmachine__lofive-r1-bootloader_a-riscv_cpu.o)
                0x0000000020003878                __metal_driver_cpu_get_msip
 .text.__metal_driver_cpu_controller_interrupt
                0x00000000200038d8       0x20 /home/michael/projects/freedom-e-sdk/bsp/lofive-r1-bootloader/install/lib/debug//libmetal.a(libriscv__mmachine__lofive-r1-bootloader_a-riscv_cpu.o)
                0x00000000200038d8                __metal_driver_cpu_controller_interrupt
 .text.__metal_driver_cpu_exception_register
                0x00000000200038f8       0x46 /home/michael/projects/freedom-e-sdk/bsp/lofive-r1-bootloader/install/lib/debug//libmetal.a(libriscv__mmachine__lofive-r1-bootloader_a-riscv_cpu.o)
                0x00000000200038f8                __metal_driver_cpu_exception_register
 .text.__metal_driver_cpu_get_instruction_length
                0x000000002000393e       0x2e /home/michael/projects/freedom-e-sdk/bsp/lofive-r1-bootloader/install/lib/debug//libmetal.a(libriscv__mmachine__lofive-r1-bootloader_a-riscv_cpu.o)
                0x000000002000393e                __metal_driver_cpu_get_instruction_length
 .text.__metal_driver_cpu_get_exception_pc
                0x000000002000396c       0x1e /home/michael/projects/freedom-e-sdk/bsp/lofive-r1-bootloader/install/lib/debug//libmetal.a(libriscv__mmachine__lofive-r1-bootloader_a-riscv_cpu.o)
                0x000000002000396c                __metal_driver_cpu_get_exception_pc
 .text.__metal_driver_cpu_set_exception_pc
                0x000000002000398a       0x20 /home/michael/projects/freedom-e-sdk/bsp/lofive-r1-bootloader/install/lib/debug//libmetal.a(libriscv__mmachine__lofive-r1-bootloader_a-riscv_cpu.o)
                0x000000002000398a                __metal_driver_cpu_set_exception_pc
 .text.__metal_driver_sifive_plic0_control_base
                0x00000000200039aa       0x2a /home/michael/projects/freedom-e-sdk/bsp/lofive-r1-bootloader/install/lib/debug//libmetal.a(libriscv__mmachine__lofive-r1-bootloader_a-riscv_plic0.o)
 .text.__metal_driver_sifive_plic0_num_interrupts
                0x00000000200039d4       0x2a /home/michael/projects/freedom-e-sdk/bsp/lofive-r1-bootloader/install/lib/debug//libmetal.a(libriscv__mmachine__lofive-r1-bootloader_a-riscv_plic0.o)
 .text.__metal_driver_sifive_plic0_max_priority
                0x00000000200039fe       0x28 /home/michael/projects/freedom-e-sdk/bsp/lofive-r1-bootloader/install/lib/debug//libmetal.a(libriscv__mmachine__lofive-r1-bootloader_a-riscv_plic0.o)
 .text.__metal_driver_sifive_plic0_interrupt_parents
                0x0000000020003a26       0x28 /home/michael/projects/freedom-e-sdk/bsp/lofive-r1-bootloader/install/lib/debug//libmetal.a(libriscv__mmachine__lofive-r1-bootloader_a-riscv_plic0.o)
 .text.__metal_driver_sifive_plic0_interrupt_lines
                0x0000000020003a4e       0x22 /home/michael/projects/freedom-e-sdk/bsp/lofive-r1-bootloader/install/lib/debug//libmetal.a(libriscv__mmachine__lofive-r1-bootloader_a-riscv_plic0.o)
 .text.__metal_driver_sifive_plic0_context_ids
                0x0000000020003a70       0x1e /home/michael/projects/freedom-e-sdk/bsp/lofive-r1-bootloader/install/lib/debug//libmetal.a(libriscv__mmachine__lofive-r1-bootloader_a-riscv_plic0.o)
 .text.__metal_plic0_claim_interrupt
                0x0000000020003a8e       0x3c /home/michael/projects/freedom-e-sdk/bsp/lofive-r1-bootloader/install/lib/debug//libmetal.a(libriscv__mmachine__lofive-r1-bootloader_a-riscv_plic0.o)
                0x0000000020003a8e                __metal_plic0_claim_interrupt
 .text.__metal_plic0_complete_interrupt
                0x0000000020003aca       0x46 /home/michael/projects/freedom-e-sdk/bsp/lofive-r1-bootloader/install/lib/debug//libmetal.a(libriscv__mmachine__lofive-r1-bootloader_a-riscv_plic0.o)
                0x0000000020003aca                __metal_plic0_complete_interrupt
 .text.__metal_plic0_set_threshold
                0x0000000020003b10       0x46 /home/michael/projects/freedom-e-sdk/bsp/lofive-r1-bootloader/install/lib/debug//libmetal.a(libriscv__mmachine__lofive-r1-bootloader_a-riscv_plic0.o)
                0x0000000020003b10                __metal_plic0_set_threshold
 .text.__metal_plic0_get_threshold
                0x0000000020003b56       0x3a /home/michael/projects/freedom-e-sdk/bsp/lofive-r1-bootloader/install/lib/debug//libmetal.a(libriscv__mmachine__lofive-r1-bootloader_a-riscv_plic0.o)
                0x0000000020003b56                __metal_plic0_get_threshold
 .text.__metal_driver_riscv_plic0_set_priority
                0x0000000020003b90       0x62 /home/michael/projects/freedom-e-sdk/bsp/lofive-r1-bootloader/install/lib/debug//libmetal.a(libriscv__mmachine__lofive-r1-bootloader_a-riscv_plic0.o)
                0x0000000020003b90                __metal_driver_riscv_plic0_set_priority
 .text.__metal_driver_riscv_plic0_get_priority
                0x0000000020003bf2       0x34 /home/michael/projects/freedom-e-sdk/bsp/lofive-r1-bootloader/install/lib/debug//libmetal.a(libriscv__mmachine__lofive-r1-bootloader_a-riscv_plic0.o)
                0x0000000020003bf2                __metal_driver_riscv_plic0_get_priority
 .text.__metal_plic0_enable
                0x0000000020003c26       0xa2 /home/michael/projects/freedom-e-sdk/bsp/lofive-r1-bootloader/install/lib/debug//libmetal.a(libriscv__mmachine__lofive-r1-bootloader_a-riscv_plic0.o)
                0x0000000020003c26                __metal_plic0_enable
 .text.__metal_plic0_default_handler
                0x0000000020003cc8       0x18 /home/michael/projects/freedom-e-sdk/bsp/lofive-r1-bootloader/install/lib/debug//libmetal.a(libriscv__mmachine__lofive-r1-bootloader_a-riscv_plic0.o)
                0x0000000020003cc8                __metal_plic0_default_handler
 .text.__metal_plic0_handler
                0x0000000020003ce0       0xa4 /home/michael/projects/freedom-e-sdk/bsp/lofive-r1-bootloader/install/lib/debug//libmetal.a(libriscv__mmachine__lofive-r1-bootloader_a-riscv_plic0.o)
                0x0000000020003ce0                __metal_plic0_handler
 .text.__metal_driver_riscv_plic0_init
                0x0000000020003d84      0x14a /home/michael/projects/freedom-e-sdk/bsp/lofive-r1-bootloader/install/lib/debug//libmetal.a(libriscv__mmachine__lofive-r1-bootloader_a-riscv_plic0.o)
                0x0000000020003d84                __metal_driver_riscv_plic0_init
 .text.__metal_driver_riscv_plic0_register
                0x0000000020003ece       0xc2 /home/michael/projects/freedom-e-sdk/bsp/lofive-r1-bootloader/install/lib/debug//libmetal.a(libriscv__mmachine__lofive-r1-bootloader_a-riscv_plic0.o)
                0x0000000020003ece                __metal_driver_riscv_plic0_register
 .text.__metal_driver_riscv_plic0_enable
                0x0000000020003f90       0x50 /home/michael/projects/freedom-e-sdk/bsp/lofive-r1-bootloader/install/lib/debug//libmetal.a(libriscv__mmachine__lofive-r1-bootloader_a-riscv_plic0.o)
                0x0000000020003f90                __metal_driver_riscv_plic0_enable
 .text.__metal_driver_riscv_plic0_disable
                0x0000000020003fe0       0x50 /home/michael/projects/freedom-e-sdk/bsp/lofive-r1-bootloader/install/lib/debug//libmetal.a(libriscv__mmachine__lofive-r1-bootloader_a-riscv_plic0.o)
                0x0000000020003fe0                __metal_driver_riscv_plic0_disable
 .text.__metal_driver_riscv_plic0_set_threshold
                0x0000000020004030       0x30 /home/michael/projects/freedom-e-sdk/bsp/lofive-r1-bootloader/install/lib/debug//libmetal.a(libriscv__mmachine__lofive-r1-bootloader_a-riscv_plic0.o)
                0x0000000020004030                __metal_driver_riscv_plic0_set_threshold
 .text.__metal_driver_riscv_plic0_get_threshold
                0x0000000020004060       0x28 /home/michael/projects/freedom-e-sdk/bsp/lofive-r1-bootloader/install/lib/debug//libmetal.a(libriscv__mmachine__lofive-r1-bootloader_a-riscv_plic0.o)
                0x0000000020004060                __metal_driver_riscv_plic0_get_threshold
 .text.__metal_driver_riscv_plic0_affinity_enable
                0x0000000020004088       0x98 /home/michael/projects/freedom-e-sdk/bsp/lofive-r1-bootloader/install/lib/debug//libmetal.a(libriscv__mmachine__lofive-r1-bootloader_a-riscv_plic0.o)
                0x0000000020004088                __metal_driver_riscv_plic0_affinity_enable
 .text.__metal_driver_riscv_plic0_affinity_disable
                0x0000000020004120       0x98 /home/michael/projects/freedom-e-sdk/bsp/lofive-r1-bootloader/install/lib/debug//libmetal.a(libriscv__mmachine__lofive-r1-bootloader_a-riscv_plic0.o)
                0x0000000020004120                __metal_driver_riscv_plic0_affinity_disable
 .text.__metal_driver_riscv_plic0_affinity_set_threshold
                0x00000000200041b8       0x70 /home/michael/projects/freedom-e-sdk/bsp/lofive-r1-bootloader/install/lib/debug//libmetal.a(libriscv__mmachine__lofive-r1-bootloader_a-riscv_plic0.o)
                0x00000000200041b8                __metal_driver_riscv_plic0_affinity_set_threshold
 .text.__metal_driver_riscv_plic0_affinity_get_threshold
                0x0000000020004228       0x28 /home/michael/projects/freedom-e-sdk/bsp/lofive-r1-bootloader/install/lib/debug//libmetal.a(libriscv__mmachine__lofive-r1-bootloader_a-riscv_plic0.o)
                0x0000000020004228                __metal_driver_riscv_plic0_affinity_get_threshold
 .text.__metal_driver_sifive_fe310_g000_hfrosc_ref
                0x0000000020004250       0x1a /home/michael/projects/freedom-e-sdk/bsp/lofive-r1-bootloader/install/lib/debug//libmetal.a(libriscv__mmachine__lofive-r1-bootloader_a-sifive_fe310-g000_hfrosc.o)
 .text.__metal_driver_sifive_fe310_g000_hfrosc_config_base
                0x000000002000426a       0x16 /home/michael/projects/freedom-e-sdk/bsp/lofive-r1-bootloader/install/lib/debug//libmetal.a(libriscv__mmachine__lofive-r1-bootloader_a-sifive_fe310-g000_hfrosc.o)
 .text.__metal_driver_sifive_fe310_g000_hfrosc_config_offset
                0x0000000020004280       0x14 /home/michael/projects/freedom-e-sdk/bsp/lofive-r1-bootloader/install/lib/debug//libmetal.a(libriscv__mmachine__lofive-r1-bootloader_a-sifive_fe310-g000_hfrosc.o)
 .text.__metal_driver_sifive_fe310_g000_prci_vtable
                0x0000000020004294       0x12 /home/michael/projects/freedom-e-sdk/bsp/lofive-r1-bootloader/install/lib/debug//libmetal.a(libriscv__mmachine__lofive-r1-bootloader_a-sifive_fe310-g000_hfrosc.o)
 .text.__metal_driver_sifive_fe310_g000_hfrosc_get_rate_hz
                0x00000000200042a6       0x84 /home/michael/projects/freedom-e-sdk/bsp/lofive-r1-bootloader/install/lib/debug//libmetal.a(libriscv__mmachine__lofive-r1-bootloader_a-sifive_fe310-g000_hfrosc.o)
                0x00000000200042a6                __metal_driver_sifive_fe310_g000_hfrosc_get_rate_hz
 .text.__metal_driver_sifive_fe310_g000_hfrosc_set_rate_hz
                0x000000002000432a       0x22 /home/michael/projects/freedom-e-sdk/bsp/lofive-r1-bootloader/install/lib/debug//libmetal.a(libriscv__mmachine__lofive-r1-bootloader_a-sifive_fe310-g000_hfrosc.o)
                0x000000002000432a                __metal_driver_sifive_fe310_g000_hfrosc_set_rate_hz
 .text.__metal_driver_sifive_fe310_g000_hfxosc_ref
                0x000000002000434c       0x1a /home/michael/projects/freedom-e-sdk/bsp/lofive-r1-bootloader/install/lib/debug//libmetal.a(libriscv__mmachine__lofive-r1-bootloader_a-sifive_fe310-g000_hfxosc.o)
 .text.__metal_driver_sifive_fe310_g000_hfxosc_config_base
                0x0000000020004366       0x16 /home/michael/projects/freedom-e-sdk/bsp/lofive-r1-bootloader/install/lib/debug//libmetal.a(libriscv__mmachine__lofive-r1-bootloader_a-sifive_fe310-g000_hfxosc.o)
 .text.__metal_driver_sifive_fe310_g000_hfxosc_config_offset
                0x000000002000437c       0x14 /home/michael/projects/freedom-e-sdk/bsp/lofive-r1-bootloader/install/lib/debug//libmetal.a(libriscv__mmachine__lofive-r1-bootloader_a-sifive_fe310-g000_hfxosc.o)
 .text.__metal_driver_sifive_fe310_g000_prci_vtable
                0x0000000020004390       0x12 /home/michael/projects/freedom-e-sdk/bsp/lofive-r1-bootloader/install/lib/debug//libmetal.a(libriscv__mmachine__lofive-r1-bootloader_a-sifive_fe310-g000_hfxosc.o)
 .text.__metal_driver_sifive_fe310_g000_hfxosc_get_rate_hz
                0x00000000200043a2       0x74 /home/michael/projects/freedom-e-sdk/bsp/lofive-r1-bootloader/install/lib/debug//libmetal.a(libriscv__mmachine__lofive-r1-bootloader_a-sifive_fe310-g000_hfxosc.o)
                0x00000000200043a2                __metal_driver_sifive_fe310_g000_hfxosc_get_rate_hz
 .text.__metal_driver_sifive_fe310_g000_hfxosc_set_rate_hz
                0x0000000020004416       0x22 /home/michael/projects/freedom-e-sdk/bsp/lofive-r1-bootloader/install/lib/debug//libmetal.a(libriscv__mmachine__lofive-r1-bootloader_a-sifive_fe310-g000_hfxosc.o)
                0x0000000020004416                __metal_driver_sifive_fe310_g000_hfxosc_set_rate_hz
 .text.__metal_driver_sifive_fe310_g000_pll_pllsel0
                0x0000000020004438       0x1a /home/michael/projects/freedom-e-sdk/bsp/lofive-r1-bootloader/install/lib/debug//libmetal.a(libriscv__mmachine__lofive-r1-bootloader_a-sifive_fe310-g000_pll.o)
 .text.__metal_driver_sifive_fe310_g000_pll_pllref
                0x0000000020004452       0x1a /home/michael/projects/freedom-e-sdk/bsp/lofive-r1-bootloader/install/lib/debug//libmetal.a(libriscv__mmachine__lofive-r1-bootloader_a-sifive_fe310-g000_pll.o)
 .text.__metal_driver_sifive_fe310_g000_pll_divider_base
                0x000000002000446c       0x16 /home/michael/projects/freedom-e-sdk/bsp/lofive-r1-bootloader/install/lib/debug//libmetal.a(libriscv__mmachine__lofive-r1-bootloader_a-sifive_fe310-g000_pll.o)
 .text.__metal_driver_sifive_fe310_g000_pll_divider_offset
                0x0000000020004482       0x14 /home/michael/projects/freedom-e-sdk/bsp/lofive-r1-bootloader/install/lib/debug//libmetal.a(libriscv__mmachine__lofive-r1-bootloader_a-sifive_fe310-g000_pll.o)
 .text.__metal_driver_sifive_fe310_g000_pll_config_base
                0x0000000020004496       0x12 /home/michael/projects/freedom-e-sdk/bsp/lofive-r1-bootloader/install/lib/debug//libmetal.a(libriscv__mmachine__lofive-r1-bootloader_a-sifive_fe310-g000_pll.o)
 .text.__metal_driver_sifive_fe310_g000_pll_config_offset
                0x00000000200044a8       0x10 /home/michael/projects/freedom-e-sdk/bsp/lofive-r1-bootloader/install/lib/debug//libmetal.a(libriscv__mmachine__lofive-r1-bootloader_a-sifive_fe310-g000_pll.o)
 .text.__metal_driver_sifive_fe310_g000_pll_init_rate
                0x00000000200044b8       0x16 /home/michael/projects/freedom-e-sdk/bsp/lofive-r1-bootloader/install/lib/debug//libmetal.a(libriscv__mmachine__lofive-r1-bootloader_a-sifive_fe310-g000_pll.o)
 .text.__metal_driver_sifive_fe310_g000_prci_base
                0x00000000200044ce       0x12 /home/michael/projects/freedom-e-sdk/bsp/lofive-r1-bootloader/install/lib/debug//libmetal.a(libriscv__mmachine__lofive-r1-bootloader_a-sifive_fe310-g000_pll.o)
 .text.__metal_driver_sifive_fe310_g000_prci_vtable
                0x00000000200044e0       0x12 /home/michael/projects/freedom-e-sdk/bsp/lofive-r1-bootloader/install/lib/debug//libmetal.a(libriscv__mmachine__lofive-r1-bootloader_a-sifive_fe310-g000_pll.o)
 .text.get_pll_config_freq
                0x00000000200044f2       0x4e /home/michael/projects/freedom-e-sdk/bsp/lofive-r1-bootloader/install/lib/debug//libmetal.a(libriscv__mmachine__lofive-r1-bootloader_a-sifive_fe310-g000_pll.o)
 .text.__metal_driver_sifive_fe310_g000_pll_init
                0x0000000020004540       0xa4 /home/michael/projects/freedom-e-sdk/bsp/lofive-r1-bootloader/install/lib/debug//libmetal.a(libriscv__mmachine__lofive-r1-bootloader_a-sifive_fe310-g000_pll.o)
                0x0000000020004540                __metal_driver_sifive_fe310_g000_pll_init
 .text.__metal_driver_sifive_fe310_g000_pll_get_rate_hz
                0x00000000200045e4      0x170 /home/michael/projects/freedom-e-sdk/bsp/lofive-r1-bootloader/install/lib/debug//libmetal.a(libriscv__mmachine__lofive-r1-bootloader_a-sifive_fe310-g000_pll.o)
                0x00000000200045e4                __metal_driver_sifive_fe310_g000_pll_get_rate_hz
 .text.find_closest_config
                0x0000000020004754       0xac /home/michael/projects/freedom-e-sdk/bsp/lofive-r1-bootloader/install/lib/debug//libmetal.a(libriscv__mmachine__lofive-r1-bootloader_a-sifive_fe310-g000_pll.o)
 .text.configure_pll
                0x0000000020004800      0x132 /home/michael/projects/freedom-e-sdk/bsp/lofive-r1-bootloader/install/lib/debug//libmetal.a(libriscv__mmachine__lofive-r1-bootloader_a-sifive_fe310-g000_pll.o)
 .text.__metal_driver_sifive_fe310_g000_pll_set_rate_hz
                0x0000000020004932      0x166 /home/michael/projects/freedom-e-sdk/bsp/lofive-r1-bootloader/install/lib/debug//libmetal.a(libriscv__mmachine__lofive-r1-bootloader_a-sifive_fe310-g000_pll.o)
                0x0000000020004932                __metal_driver_sifive_fe310_g000_pll_set_rate_hz
 .text.__metal_driver_sifive_fe310_g000_prci_base
                0x0000000020004a98       0x12 /home/michael/projects/freedom-e-sdk/bsp/lofive-r1-bootloader/install/lib/debug//libmetal.a(libriscv__mmachine__lofive-r1-bootloader_a-sifive_fe310-g000_prci.o)
 .text.__metal_driver_sifive_fe310_g000_prci_get_reg
                0x0000000020004aaa       0x2e /home/michael/projects/freedom-e-sdk/bsp/lofive-r1-bootloader/install/lib/debug//libmetal.a(libriscv__mmachine__lofive-r1-bootloader_a-sifive_fe310-g000_prci.o)
                0x0000000020004aaa                __metal_driver_sifive_fe310_g000_prci_get_reg
 .text.__metal_driver_sifive_fe310_g000_prci_set_reg
                0x0000000020004ad8       0x38 /home/michael/projects/freedom-e-sdk/bsp/lofive-r1-bootloader/install/lib/debug//libmetal.a(libriscv__mmachine__lofive-r1-bootloader_a-sifive_fe310-g000_prci.o)
                0x0000000020004ad8                __metal_driver_sifive_fe310_g000_prci_set_reg
 .text.__metal_driver_sifive_gpio0_base
                0x0000000020004b10       0x26 /home/michael/projects/freedom-e-sdk/bsp/lofive-r1-bootloader/install/lib/debug//libmetal.a(libriscv__mmachine__lofive-r1-bootloader_a-sifive_gpio0.o)
 .text.__metal_driver_sifive_gpio0_interrupt_parent
                0x0000000020004b36       0x2a /home/michael/projects/freedom-e-sdk/bsp/lofive-r1-bootloader/install/lib/debug//libmetal.a(libriscv__mmachine__lofive-r1-bootloader_a-sifive_gpio0.o)
 .text.__metal_driver_sifive_gpio0_interrupt_lines
                0x0000000020004b60      0x35e /home/michael/projects/freedom-e-sdk/bsp/lofive-r1-bootloader/install/lib/debug//libmetal.a(libriscv__mmachine__lofive-r1-bootloader_a-sifive_gpio0.o)
 .text.__metal_driver_sifive_gpio0_enable_input
                0x0000000020004ebe       0x40 /home/michael/projects/freedom-e-sdk/bsp/lofive-r1-bootloader/install/lib/debug//libmetal.a(libriscv__mmachine__lofive-r1-bootloader_a-sifive_gpio0.o)
                0x0000000020004ebe                __metal_driver_sifive_gpio0_enable_input
 .text.__metal_driver_sifive_gpio0_disable_input
                0x0000000020004efe       0x46 /home/michael/projects/freedom-e-sdk/bsp/lofive-r1-bootloader/install/lib/debug//libmetal.a(libriscv__mmachine__lofive-r1-bootloader_a-sifive_gpio0.o)
                0x0000000020004efe                __metal_driver_sifive_gpio0_disable_input
 .text.__metal_driver_sifive_gpio0_input
                0x0000000020004f44       0x2a /home/michael/projects/freedom-e-sdk/bsp/lofive-r1-bootloader/install/lib/debug//libmetal.a(libriscv__mmachine__lofive-r1-bootloader_a-sifive_gpio0.o)
                0x0000000020004f44                __metal_driver_sifive_gpio0_input
 .text.__metal_driver_sifive_gpio0_output
                0x0000000020004f6e       0x2c /home/michael/projects/freedom-e-sdk/bsp/lofive-r1-bootloader/install/lib/debug//libmetal.a(libriscv__mmachine__lofive-r1-bootloader_a-sifive_gpio0.o)
                0x0000000020004f6e                __metal_driver_sifive_gpio0_output
 .text.__metal_driver_sifive_gpio0_disable_output
                0x0000000020004f9a       0x46 /home/michael/projects/freedom-e-sdk/bsp/lofive-r1-bootloader/install/lib/debug//libmetal.a(libriscv__mmachine__lofive-r1-bootloader_a-sifive_gpio0.o)
                0x0000000020004f9a                __metal_driver_sifive_gpio0_disable_output
 .text.__metal_driver_sifive_gpio0_enable_output
                0x0000000020004fe0       0x40 /home/michael/projects/freedom-e-sdk/bsp/lofive-r1-bootloader/install/lib/debug//libmetal.a(libriscv__mmachine__lofive-r1-bootloader_a-sifive_gpio0.o)
                0x0000000020004fe0                __metal_driver_sifive_gpio0_enable_output
 .text.__metal_driver_sifive_gpio0_output_set
                0x0000000020005020       0x40 /home/michael/projects/freedom-e-sdk/bsp/lofive-r1-bootloader/install/lib/debug//libmetal.a(libriscv__mmachine__lofive-r1-bootloader_a-sifive_gpio0.o)
                0x0000000020005020                __metal_driver_sifive_gpio0_output_set
 .text.__metal_driver_sifive_gpio0_output_clear
                0x0000000020005060       0x46 /home/michael/projects/freedom-e-sdk/bsp/lofive-r1-bootloader/install/lib/debug//libmetal.a(libriscv__mmachine__lofive-r1-bootloader_a-sifive_gpio0.o)
                0x0000000020005060                __metal_driver_sifive_gpio0_output_clear
 .text.__metal_driver_sifive_gpio0_output_toggle
                0x00000000200050a6       0x40 /home/michael/projects/freedom-e-sdk/bsp/lofive-r1-bootloader/install/lib/debug//libmetal.a(libriscv__mmachine__lofive-r1-bootloader_a-sifive_gpio0.o)
                0x00000000200050a6                __metal_driver_sifive_gpio0_output_toggle
 .text.__metal_driver_sifive_gpio0_enable_io
                0x00000000200050e6       0x68 /home/michael/projects/freedom-e-sdk/bsp/lofive-r1-bootloader/install/lib/debug//libmetal.a(libriscv__mmachine__lofive-r1-bootloader_a-sifive_gpio0.o)
                0x00000000200050e6                __metal_driver_sifive_gpio0_enable_io
 .text.__metal_driver_sifive_gpio0_disable_io
                0x000000002000514e       0x4a /home/michael/projects/freedom-e-sdk/bsp/lofive-r1-bootloader/install/lib/debug//libmetal.a(libriscv__mmachine__lofive-r1-bootloader_a-sifive_gpio0.o)
                0x000000002000514e                __metal_driver_sifive_gpio0_disable_io
 .text.__metal_driver_sifive_gpio0_config_int
                0x0000000020005198      0x206 /home/michael/projects/freedom-e-sdk/bsp/lofive-r1-bootloader/install/lib/debug//libmetal.a(libriscv__mmachine__lofive-r1-bootloader_a-sifive_gpio0.o)
                0x0000000020005198                __metal_driver_sifive_gpio0_config_int
 .text.__metal_driver_sifive_gpio0_clear_int
                0x000000002000539e      0x188 /home/michael/projects/freedom-e-sdk/bsp/lofive-r1-bootloader/install/lib/debug//libmetal.a(libriscv__mmachine__lofive-r1-bootloader_a-sifive_gpio0.o)
                0x000000002000539e                __metal_driver_sifive_gpio0_clear_int
 .text.__metal_driver_gpio_interrupt_controller
                0x0000000020005526       0x20 /home/michael/projects/freedom-e-sdk/bsp/lofive-r1-bootloader/install/lib/debug//libmetal.a(libriscv__mmachine__lofive-r1-bootloader_a-sifive_gpio0.o)
                0x0000000020005526                __metal_driver_gpio_interrupt_controller
 .text.__metal_driver_gpio_get_interrupt_id
                0x0000000020005546       0x2e /home/michael/projects/freedom-e-sdk/bsp/lofive-r1-bootloader/install/lib/debug//libmetal.a(libriscv__mmachine__lofive-r1-bootloader_a-sifive_gpio0.o)
                0x0000000020005546                __metal_driver_gpio_get_interrupt_id
 .text.__metal_driver_sifive_uart0_control_base
                0x0000000020005574       0x40 /home/michael/projects/freedom-e-sdk/bsp/lofive-r1-bootloader/install/lib/debug//libmetal.a(libriscv__mmachine__lofive-r1-bootloader_a-sifive_uart0.o)
 .text.__metal_driver_sifive_uart0_interrupt_parent
                0x00000000200055b4       0x42 /home/michael/projects/freedom-e-sdk/bsp/lofive-r1-bootloader/install/lib/debug//libmetal.a(libriscv__mmachine__lofive-r1-bootloader_a-sifive_uart0.o)
 .text.__metal_driver_sifive_uart0_interrupt_line
                0x00000000200055f6       0x3c /home/michael/projects/freedom-e-sdk/bsp/lofive-r1-bootloader/install/lib/debug//libmetal.a(libriscv__mmachine__lofive-r1-bootloader_a-sifive_uart0.o)
 .text.__metal_driver_sifive_uart0_clock
                0x0000000020005632       0x48 /home/michael/projects/freedom-e-sdk/bsp/lofive-r1-bootloader/install/lib/debug//libmetal.a(libriscv__mmachine__lofive-r1-bootloader_a-sifive_uart0.o)
 .text.__metal_driver_sifive_uart0_pinmux
                0x000000002000567a       0x40 /home/michael/projects/freedom-e-sdk/bsp/lofive-r1-bootloader/install/lib/debug//libmetal.a(libriscv__mmachine__lofive-r1-bootloader_a-sifive_uart0.o)
 .text.__metal_driver_sifive_uart0_pinmux_output_selector
                0x00000000200056ba       0x40 /home/michael/projects/freedom-e-sdk/bsp/lofive-r1-bootloader/install/lib/debug//libmetal.a(libriscv__mmachine__lofive-r1-bootloader_a-sifive_uart0.o)
 .text.__metal_driver_sifive_uart0_pinmux_source_selector
                0x00000000200056fa       0x40 /home/michael/projects/freedom-e-sdk/bsp/lofive-r1-bootloader/install/lib/debug//libmetal.a(libriscv__mmachine__lofive-r1-bootloader_a-sifive_uart0.o)
 .text.__metal_driver_sifive_uart0_interrupt_controller
                0x000000002000573a       0x20 /home/michael/projects/freedom-e-sdk/bsp/lofive-r1-bootloader/install/lib/debug//libmetal.a(libriscv__mmachine__lofive-r1-bootloader_a-sifive_uart0.o)
                0x000000002000573a                __metal_driver_sifive_uart0_interrupt_controller
 .text.__metal_driver_sifive_uart0_get_interrupt_id
                0x000000002000575a       0x20 /home/michael/projects/freedom-e-sdk/bsp/lofive-r1-bootloader/install/lib/debug//libmetal.a(libriscv__mmachine__lofive-r1-bootloader_a-sifive_uart0.o)
                0x000000002000575a                __metal_driver_sifive_uart0_get_interrupt_id
 .text.__metal_driver_sifive_uart0_tx_interrupt_enable
                0x000000002000577a       0x3a /home/michael/projects/freedom-e-sdk/bsp/lofive-r1-bootloader/install/lib/debug//libmetal.a(libriscv__mmachine__lofive-r1-bootloader_a-sifive_uart0.o)
                0x000000002000577a                __metal_driver_sifive_uart0_tx_interrupt_enable
 .text.__metal_driver_sifive_uart0_tx_interrupt_disable
                0x00000000200057b4       0x38 /home/michael/projects/freedom-e-sdk/bsp/lofive-r1-bootloader/install/lib/debug//libmetal.a(libriscv__mmachine__lofive-r1-bootloader_a-sifive_uart0.o)
                0x00000000200057b4                __metal_driver_sifive_uart0_tx_interrupt_disable
 .text.__metal_driver_sifive_uart0_rx_interrupt_enable
                0x00000000200057ec       0x3a /home/michael/projects/freedom-e-sdk/bsp/lofive-r1-bootloader/install/lib/debug//libmetal.a(libriscv__mmachine__lofive-r1-bootloader_a-sifive_uart0.o)
                0x00000000200057ec                __metal_driver_sifive_uart0_rx_interrupt_enable
 .text.__metal_driver_sifive_uart0_rx_interrupt_disable
                0x0000000020005826       0x38 /home/michael/projects/freedom-e-sdk/bsp/lofive-r1-bootloader/install/lib/debug//libmetal.a(libriscv__mmachine__lofive-r1-bootloader_a-sifive_uart0.o)
                0x0000000020005826                __metal_driver_sifive_uart0_rx_interrupt_disable
 .text.__metal_driver_sifive_uart0_txready
                0x000000002000585e       0x34 /home/michael/projects/freedom-e-sdk/bsp/lofive-r1-bootloader/install/lib/debug//libmetal.a(libriscv__mmachine__lofive-r1-bootloader_a-sifive_uart0.o)
                0x000000002000585e                __metal_driver_sifive_uart0_txready
 .text.__metal_driver_sifive_uart0_set_tx_watermark
                0x0000000020005892       0x4a /home/michael/projects/freedom-e-sdk/bsp/lofive-r1-bootloader/install/lib/debug//libmetal.a(libriscv__mmachine__lofive-r1-bootloader_a-sifive_uart0.o)
                0x0000000020005892                __metal_driver_sifive_uart0_set_tx_watermark
 .text.__metal_driver_sifive_uart0_get_tx_watermark
                0x00000000200058dc       0x30 /home/michael/projects/freedom-e-sdk/bsp/lofive-r1-bootloader/install/lib/debug//libmetal.a(libriscv__mmachine__lofive-r1-bootloader_a-sifive_uart0.o)
                0x00000000200058dc                __metal_driver_sifive_uart0_get_tx_watermark
 .text.__metal_driver_sifive_uart0_set_rx_watermark
                0x000000002000590c       0x4a /home/michael/projects/freedom-e-sdk/bsp/lofive-r1-bootloader/install/lib/debug//libmetal.a(libriscv__mmachine__lofive-r1-bootloader_a-sifive_uart0.o)
                0x000000002000590c                __metal_driver_sifive_uart0_set_rx_watermark
 .text.__metal_driver_sifive_uart0_get_rx_watermark
                0x0000000020005956       0x30 /home/michael/projects/freedom-e-sdk/bsp/lofive-r1-bootloader/install/lib/debug//libmetal.a(libriscv__mmachine__lofive-r1-bootloader_a-sifive_uart0.o)
                0x0000000020005956                __metal_driver_sifive_uart0_get_rx_watermark
 .text.__metal_driver_sifive_uart0_putc
                0x0000000020005986       0x42 /home/michael/projects/freedom-e-sdk/bsp/lofive-r1-bootloader/install/lib/debug//libmetal.a(libriscv__mmachine__lofive-r1-bootloader_a-sifive_uart0.o)
                0x0000000020005986                __metal_driver_sifive_uart0_putc
 .text.__metal_driver_sifive_uart0_getc
                0x00000000200059c8       0x56 /home/michael/projects/freedom-e-sdk/bsp/lofive-r1-bootloader/install/lib/debug//libmetal.a(libriscv__mmachine__lofive-r1-bootloader_a-sifive_uart0.o)
                0x00000000200059c8                __metal_driver_sifive_uart0_getc
 .text.__metal_driver_sifive_uart0_get_baud_rate
                0x0000000020005a1e       0x20 /home/michael/projects/freedom-e-sdk/bsp/lofive-r1-bootloader/install/lib/debug//libmetal.a(libriscv__mmachine__lofive-r1-bootloader_a-sifive_uart0.o)
                0x0000000020005a1e                __metal_driver_sifive_uart0_get_baud_rate
 .text.__metal_driver_sifive_uart0_set_baud_rate
                0x0000000020005a3e       0xa0 /home/michael/projects/freedom-e-sdk/bsp/lofive-r1-bootloader/install/lib/debug//libmetal.a(libriscv__mmachine__lofive-r1-bootloader_a-sifive_uart0.o)
                0x0000000020005a3e                __metal_driver_sifive_uart0_set_baud_rate
 .text.pre_rate_change_callback_func
                0x0000000020005ade       0xd8 /home/michael/projects/freedom-e-sdk/bsp/lofive-r1-bootloader/install/lib/debug//libmetal.a(libriscv__mmachine__lofive-r1-bootloader_a-sifive_uart0.o)
 .text.post_rate_change_callback_func
                0x0000000020005bb6       0x30 /home/michael/projects/freedom-e-sdk/bsp/lofive-r1-bootloader/install/lib/debug//libmetal.a(libriscv__mmachine__lofive-r1-bootloader_a-sifive_uart0.o)
 .text.__metal_driver_sifive_uart0_init
                0x0000000020005be6       0xd2 /home/michael/projects/freedom-e-sdk/bsp/lofive-r1-bootloader/install/lib/debug//libmetal.a(libriscv__mmachine__lofive-r1-bootloader_a-sifive_uart0.o)
                0x0000000020005be6                __metal_driver_sifive_uart0_init
 .text._metal_clock_call_all_callbacks
                0x0000000020005cb8       0x40 /home/michael/projects/freedom-e-sdk/bsp/lofive-r1-bootloader/install/lib/debug//libmetal.a(libriscv__mmachine__lofive-r1-bootloader_a-clock.o)
                0x0000000020005cb8                _metal_clock_call_all_callbacks
 .text._metal_clock_append_to_callbacks
                0x0000000020005cf8       0x54 /home/michael/projects/freedom-e-sdk/bsp/lofive-r1-bootloader/install/lib/debug//libmetal.a(libriscv__mmachine__lofive-r1-bootloader_a-clock.o)
                0x0000000020005cf8                _metal_clock_append_to_callbacks
 .text.metal_clock_get_rate_hz
                0x0000000020005d4c       0x26 /home/michael/projects/freedom-e-sdk/bsp/lofive-r1-bootloader/install/lib/debug//libmetal.a(libriscv__mmachine__lofive-r1-bootloader_a-clock.o)
                0x0000000020005d4c                metal_clock_get_rate_hz
 .text.metal_clock_set_rate_hz
                0x0000000020005d72       0x4a /home/michael/projects/freedom-e-sdk/bsp/lofive-r1-bootloader/install/lib/debug//libmetal.a(libriscv__mmachine__lofive-r1-bootloader_a-clock.o)
                0x0000000020005d72                metal_clock_set_rate_hz
 .text.metal_clock_register_pre_rate_change_callback
                0x0000000020005dbc       0x32 /home/michael/projects/freedom-e-sdk/bsp/lofive-r1-bootloader/install/lib/debug//libmetal.a(libriscv__mmachine__lofive-r1-bootloader_a-clock.o)
                0x0000000020005dbc                metal_clock_register_pre_rate_change_callback
 .text.metal_clock_register_post_rate_change_callback
                0x0000000020005dee       0x32 /home/michael/projects/freedom-e-sdk/bsp/lofive-r1-bootloader/install/lib/debug//libmetal.a(libriscv__mmachine__lofive-r1-bootloader_a-clock.o)
                0x0000000020005dee                metal_clock_register_post_rate_change_callback
 .text.metal_cpu_interrupt_controller
                0x0000000020005e20       0x26 /home/michael/projects/freedom-e-sdk/bsp/lofive-r1-bootloader/install/lib/debug//libmetal.a(libriscv__mmachine__lofive-r1-bootloader_a-cpu.o)
                0x0000000020005e20                metal_cpu_interrupt_controller
 .text.metal_cpu_get
                0x0000000020005e46       0x2a /home/michael/projects/freedom-e-sdk/bsp/lofive-r1-bootloader/install/lib/debug//libmetal.a(libriscv__mmachine__lofive-r1-bootloader_a-cpu.o)
                0x0000000020005e46                metal_cpu_get
 .text.metal_cpu_get_current_hartid
                0x0000000020005e70       0x1a /home/michael/projects/freedom-e-sdk/bsp/lofive-r1-bootloader/install/lib/debug//libmetal.a(libriscv__mmachine__lofive-r1-bootloader_a-cpu.o)
                0x0000000020005e70                metal_cpu_get_current_hartid
 .text.metal_shutdown
                0x0000000020005e8a        0xe /home/michael/projects/freedom-e-sdk/bsp/lofive-r1-bootloader/install/lib/debug//libmetal.a(libriscv__mmachine__lofive-r1-bootloader_a-shutdown.o)
                0x0000000020005e8a                metal_shutdown
 *fill*         0x0000000020005e98       0x68 
 .text          0x0000000020005f00       0x80 /home/michael/projects/freedom-e-sdk/bsp/lofive-r1-bootloader/install/lib/debug//libmetal.a(libriscv__mmachine__lofive-r1-bootloader_a-vector.o)
                0x0000000020005f00                __metal_vector_table
 .text.__metal_driver_fixed_clock_rate
                0x0000000020005f80       0x70 /home/michael/projects/freedom-e-sdk/bsp/lofive-r1-bootloader/install/lib/debug//libmetal.a(libriscv__mmachine__lofive-r1-bootloader_a-fixed-clock.o)
 .text.__metal_driver_fixed_clock_get_rate_hz
                0x0000000020005ff0       0x1e /home/michael/projects/freedom-e-sdk/bsp/lofive-r1-bootloader/install/lib/debug//libmetal.a(libriscv__mmachine__lofive-r1-bootloader_a-fixed-clock.o)
                0x0000000020005ff0                __metal_driver_fixed_clock_get_rate_hz
 .text.__metal_driver_fixed_clock_set_rate_hz
                0x000000002000600e       0x22 /home/michael/projects/freedom-e-sdk/bsp/lofive-r1-bootloader/install/lib/debug//libmetal.a(libriscv__mmachine__lofive-r1-bootloader_a-fixed-clock.o)
                0x000000002000600e                __metal_driver_fixed_clock_set_rate_hz
 .text._exit    0x0000000020006030       0x14 /home/michael/projects/freedom-e-sdk/bsp/lofive-r1-bootloader/install/lib/debug//libmetal-gloss.a(sys_exit.o)
                0x0000000020006030                _exit
 *(.gnu.linkonce.t.*)
                [!provide]                        PROVIDE (__etext = .)
                [!provide]                        PROVIDE (_etext = .)
                [!provide]                        PROVIDE (etext = .)

.rodata         0x0000000020006044      0xcf4
 *(.rdata)
 *(.rodata .rodata.*)
 .rodata        0x0000000020006044       0x2b /tmp/ccPlTu8w.o
 *fill*         0x000000002000606f        0x1 
 .rodata.__sf_fake_stderr
                0x0000000020006070       0x20 /home/michael/projects/freedom-e-toolchain/riscv64-unknown-elf-gcc-8.2.0-2019.02.0-x86_64-linux-ubuntu14/bin/../lib/gcc/riscv64-unknown-elf/8.2.0/../../../../riscv64-unknown-elf/lib/rv32imac/ilp32/libc_nano.a(lib_a-findfp.o)
                0x0000000020006070                __sf_fake_stderr
 .rodata.__sf_fake_stdin
                0x0000000020006090       0x20 /home/michael/projects/freedom-e-toolchain/riscv64-unknown-elf-gcc-8.2.0-2019.02.0-x86_64-linux-ubuntu14/bin/../lib/gcc/riscv64-unknown-elf/8.2.0/../../../../riscv64-unknown-elf/lib/rv32imac/ilp32/libc_nano.a(lib_a-findfp.o)
                0x0000000020006090                __sf_fake_stdin
 .rodata.__sf_fake_stdout
                0x00000000200060b0       0x20 /home/michael/projects/freedom-e-toolchain/riscv64-unknown-elf-gcc-8.2.0-2019.02.0-x86_64-linux-ubuntu14/bin/../lib/gcc/riscv64-unknown-elf/8.2.0/../../../../riscv64-unknown-elf/lib/rv32imac/ilp32/libc_nano.a(lib_a-findfp.o)
                0x00000000200060b0                __sf_fake_stdout
 .rodata._vfprintf_r.str1.4
                0x00000000200060d0       0x13 /home/michael/projects/freedom-e-toolchain/riscv64-unknown-elf-gcc-8.2.0-2019.02.0-x86_64-linux-ubuntu14/bin/../lib/gcc/riscv64-unknown-elf/8.2.0/../../../../riscv64-unknown-elf/lib/rv32imac/ilp32/libc_nano.a(lib_a-nano-vfprintf.o)
 *fill*         0x00000000200060e3        0x1 
 .rodata._printf_i.str1.4
                0x00000000200060e4       0x28 /home/michael/projects/freedom-e-toolchain/riscv64-unknown-elf-gcc-8.2.0-2019.02.0-x86_64-linux-ubuntu14/bin/../lib/gcc/riscv64-unknown-elf/8.2.0/../../../../riscv64-unknown-elf/lib/rv32imac/ilp32/libc_nano.a(lib_a-nano-vfprintf_i.o)
                                         0x25 (size before relaxing)
 .rodata.libgloss.start
                0x000000002000610c       0x11 /home/michael/projects/freedom-e-sdk/bsp/lofive-r1-bootloader/install/lib/debug//libmetal-gloss.a(crt0.o)
 *fill*         0x000000002000611d        0x3 
 .rodata.__metal_driver_vtable_riscv_clint0
                0x0000000020006120       0x5c /home/michael/projects/freedom-e-sdk/bsp/lofive-r1-bootloader/install/lib/debug//libmetal.a(libriscv__mmachine__lofive-r1-bootloader_a-riscv_clint0.o)
                0x0000000020006120                __metal_driver_vtable_riscv_clint0
 .rodata.__metal_controller_interrupt_vector
                0x000000002000617c       0x14 /home/michael/projects/freedom-e-sdk/bsp/lofive-r1-bootloader/install/lib/debug//libmetal.a(libriscv__mmachine__lofive-r1-bootloader_a-riscv_cpu.o)
 .rodata.__metal_valid_interrupt_id
                0x0000000020006190       0x74 /home/michael/projects/freedom-e-sdk/bsp/lofive-r1-bootloader/install/lib/debug//libmetal.a(libriscv__mmachine__lofive-r1-bootloader_a-riscv_cpu.o)
 .rodata.__metal_local_interrupt_enable
                0x0000000020006204       0x80 /home/michael/projects/freedom-e-sdk/bsp/lofive-r1-bootloader/install/lib/debug//libmetal.a(libriscv__mmachine__lofive-r1-bootloader_a-riscv_cpu.o)
 .rodata.__metal_driver_riscv_cpu_controller_interrupt_register
                0x0000000020006284       0x74 /home/michael/projects/freedom-e-sdk/bsp/lofive-r1-bootloader/install/lib/debug//libmetal.a(libriscv__mmachine__lofive-r1-bootloader_a-riscv_cpu.o)
 .rodata.__metal_driver_vtable_riscv_cpu_intc
                0x00000000200062f8       0x5c /home/michael/projects/freedom-e-sdk/bsp/lofive-r1-bootloader/install/lib/debug//libmetal.a(libriscv__mmachine__lofive-r1-bootloader_a-riscv_cpu.o)
                0x00000000200062f8                __metal_driver_vtable_riscv_cpu_intc
 .rodata.__metal_driver_vtable_cpu
                0x0000000020006354       0x40 /home/michael/projects/freedom-e-sdk/bsp/lofive-r1-bootloader/install/lib/debug//libmetal.a(libriscv__mmachine__lofive-r1-bootloader_a-riscv_cpu.o)
                0x0000000020006354                __metal_driver_vtable_cpu
 .rodata.__metal_driver_vtable_riscv_plic0
                0x0000000020006394       0x5c /home/michael/projects/freedom-e-sdk/bsp/lofive-r1-bootloader/install/lib/debug//libmetal.a(libriscv__mmachine__lofive-r1-bootloader_a-riscv_plic0.o)
                0x0000000020006394                __metal_driver_vtable_riscv_plic0
 .rodata.pll_configs
                0x00000000200063f0      0x880 /home/michael/projects/freedom-e-sdk/bsp/lofive-r1-bootloader/install/lib/debug//libmetal.a(libriscv__mmachine__lofive-r1-bootloader_a-sifive_fe310-g000_pll.o)
 .rodata.__metal_driver_vtable_sifive_fe310_g000_pll
                0x0000000020006c70        0xc /home/michael/projects/freedom-e-sdk/bsp/lofive-r1-bootloader/install/lib/debug//libmetal.a(libriscv__mmachine__lofive-r1-bootloader_a-sifive_fe310-g000_pll.o)
                0x0000000020006c70                __metal_driver_vtable_sifive_fe310_g000_pll
 .rodata.__metal_driver_sifive_gpio0_config_int
                0x0000000020006c7c       0x20 /home/michael/projects/freedom-e-sdk/bsp/lofive-r1-bootloader/install/lib/debug//libmetal.a(libriscv__mmachine__lofive-r1-bootloader_a-sifive_gpio0.o)
 .rodata.__metal_driver_sifive_gpio0_clear_int
                0x0000000020006c9c       0x20 /home/michael/projects/freedom-e-sdk/bsp/lofive-r1-bootloader/install/lib/debug//libmetal.a(libriscv__mmachine__lofive-r1-bootloader_a-sifive_gpio0.o)
 .rodata.__metal_driver_vtable_sifive_gpio0
                0x0000000020006cbc       0x3c /home/michael/projects/freedom-e-sdk/bsp/lofive-r1-bootloader/install/lib/debug//libmetal.a(libriscv__mmachine__lofive-r1-bootloader_a-sifive_gpio0.o)
                0x0000000020006cbc                __metal_driver_vtable_sifive_gpio0
 .rodata.__metal_driver_vtable_sifive_uart0
                0x0000000020006cf8       0x40 /home/michael/projects/freedom-e-sdk/bsp/lofive-r1-bootloader/install/lib/debug//libmetal.a(libriscv__mmachine__lofive-r1-bootloader_a-sifive_uart0.o)
                0x0000000020006cf8                __metal_driver_vtable_sifive_uart0
 *(.gnu.linkonce.r.*)
                0x0000000020006d38                . = ALIGN (0x8)
 *(.srodata.cst16)
 *(.srodata.cst8)
 *(.srodata.cst4)
 *(.srodata.cst2)
 *(.srodata .srodata.*)
                0x0000000020006d38                . = ALIGN (0x8)

.preinit_array  0x0000000020006d38        0x0
                0x0000000020006d38                PROVIDE (__preinit_array_start = .)
 *(.preinit_array)
                0x0000000020006d38                PROVIDE (__preinit_array_end = .)

.init_array     0x0000000020006d38       0x10
                0x0000000020006d38                PROVIDE (__init_array_start = .)
 *(SORT_BY_INIT_PRIORITY(.init_array.*) SORT_BY_INIT_PRIORITY(.ctors.*))
 .init_array.00000
                0x0000000020006d38        0x4 /home/michael/projects/freedom-e-toolchain/riscv64-unknown-elf-gcc-8.2.0-2019.02.0-x86_64-linux-ubuntu14/bin/../lib/gcc/riscv64-unknown-elf/8.2.0/../../../../riscv64-unknown-elf/lib/rv32imac/ilp32/libc_nano.a(lib_a-__call_atexit.o)
 *(.init_array EXCLUDE_FILE(*crtend?.o *crtend.o *crtbegin?.o *crtbegin.o) .ctors)
                0x0000000020006d3c                PROVIDE (__init_array_end = .)
                0x0000000020006d3c                PROVIDE (metal_constructors_start = .)
 *(SORT_BY_INIT_PRIORITY(.metal.init_array.*))
 .metal.init_array.5000
                0x0000000020006d3c        0x4 /home/michael/projects/freedom-e-sdk/bsp/lofive-r1-bootloader/install/lib/debug//libmetal.a(libriscv__mmachine__lofive-r1-bootloader_a-tty.o)
                0x0000000020006d3c                _metal_tty_init_ptr
 .metal.init_array.5000
                0x0000000020006d40        0x8 /home/michael/projects/freedom-e-sdk/bsp/lofive-r1-bootloader/install/lib/debug//libmetal.a(libriscv__mmachine__lofive-r1-bootloader_a-sifive_fe310-g000_pll.o)
                0x0000000020006d40                _metal_sifive_fe310_g000_pll_init_ptr
                0x0000000020006d44                _use_hfxosc_ptr
 *(.metal.init_array)
                0x0000000020006d48                PROVIDE (metal_constructors_end = .)

.fini_array     0x0000000020006d48        0x0
                0x0000000020006d48                PROVIDE (__fini_array_start = .)
 *(SORT_BY_INIT_PRIORITY(.fini_array.*) SORT_BY_INIT_PRIORITY(.dtors.*))
 *(.fini_array EXCLUDE_FILE(*crtend?.o *crtend.o *crtbegin?.o *crtbegin.o) .dtors)
                0x0000000020006d48                PROVIDE (__fini_array_end = .)
                0x0000000020006d48                PROVIDE (metal_destructors_start = .)
 *(SORT_BY_INIT_PRIORITY(.metal.fini_array.*))
 *(.metal.fini_array)
                0x0000000020006d48                PROVIDE (metal_destructors_end = .)

.ctors          0x0000000020006d48       0x7a
 *crtbegin.o(.ctors)
 *crtbegin?.o(.ctors)
 *(EXCLUDE_FILE(*crtend?.o *crtend.o) .ctors)
 *(SORT_BY_NAME(.ctors.*))
 *(.ctors)
 *(.metal.ctors metal.ctors.*)
 .metal.ctors   0x0000000020006d48       0x24 /home/michael/projects/freedom-e-sdk/bsp/lofive-r1-bootloader/install/lib/debug//libmetal.a(libriscv__mmachine__lofive-r1-bootloader_a-tty.o)
                0x0000000020006d48                metal_tty_init
 .metal.ctors   0x0000000020006d6c       0x56 /home/michael/projects/freedom-e-sdk/bsp/lofive-r1-bootloader/install/lib/debug//libmetal.a(libriscv__mmachine__lofive-r1-bootloader_a-sifive_fe310-g000_pll.o)
                0x0000000020006d6c                metal_sifive_fe310_g000_pll_init
                0x0000000020006d98                use_hfxosc

.rela.dyn       0x0000000020006dc4        0x0
 .rela.text._vfprintf_r
                0x0000000020006dc4        0x0 /tmp/ccPlTu8w.o
 .rela.text._sbrk_r
                0x0000000020006dc4        0x0 /tmp/ccPlTu8w.o
 .rela.text._write_r
                0x0000000020006dc4        0x0 /tmp/ccPlTu8w.o
 .rela.text._close_r
                0x0000000020006dc4        0x0 /tmp/ccPlTu8w.o
 .rela.text._fstat_r
                0x0000000020006dc4        0x0 /tmp/ccPlTu8w.o
 .rela.text._isatty_r
                0x0000000020006dc4        0x0 /tmp/ccPlTu8w.o
 .rela.text._lseek_r
                0x0000000020006dc4        0x0 /tmp/ccPlTu8w.o
 .rela.text._read_r
                0x0000000020006dc4        0x0 /tmp/ccPlTu8w.o
 .rela.text.metal.init.enter
                0x0000000020006dc4        0x0 /tmp/ccPlTu8w.o
 .rela.text.libgloss.start
                0x0000000020006dc4        0x0 /tmp/ccPlTu8w.o
 .rela.sdata.brk
                0x0000000020006dc4        0x0 /tmp/ccPlTu8w.o
 .rela.text._sbrk
                0x0000000020006dc4        0x0 /tmp/ccPlTu8w.o
 .rela.text.__libc_fini_array
                0x0000000020006dc4        0x0 /tmp/ccPlTu8w.o
 .rela.text.__libc_init_array